warning: `VIRTUAL_ENV=/home/cholab/LabMembers/Samar/EO-based-yield-prediction/data_preparation/.venv` does not match the project environment path `.venv` and will be ignored; use `--active` to target the active environment instead
BARC 2023: 1,685 comparable px, 1,685 matched to a field

field                             px    pred  actual   resid
Central Farm_2-32C                99    74.3    62.3   +12.0
Central Farm_1-20B                29    76.6    58.0   +18.6
East Farm_5-9                    128    70.0    57.1   +12.8
Central Farm_1-9                 166    83.8    57.0   +26.9
Central Farm_2-43                 47    71.0    54.7   +16.3
Central Farm_1-20A                 8    78.1    53.7   +24.4
Central Farm_2-32A                93    72.3    53.7   +18.6
Central Farm_1-1                 112    72.7    53.0   +19.7
Central Farm_1-33                 38    72.1    50.7   +21.3
Central Farm_1-21                 15    72.8    50.5   +22.3
APU_5                             51    63.9    50.2   +13.6
Central Farm_1-14B                83    67.9    50.0   +17.8
Central Farm_1-2A                 56    76.1    47.4   +28.7
East Farm_5-3A                    70    60.0    46.9   +13.2
East Farm_6-57                    41    60.0    45.2   +14.8
... and 9 more                

FIELD-LEVEL METRICS (24 fields, >= 5 px each)
  pred   mean/std : 66.06 / 9.89
  actual mean/std : 46.99 / 9.37
  [field]  n=24
      bias  +19.068   MAE  19.068   RMSE  19.906
      R2    -3.5120   r   +0.8253   %MAE  40.57
  REFERENCE, best constant : 9.37 bu/ac   -> model is WORSE than a constant
  pred_std / actual_std    : 1.055   (<<1 means a collapsed, near-flat prediction surface)

PIXEL-LEVEL METRICS (same mask, resolution-limited -- secondary)
  [pixel]  n=1685
      bias  +18.691   MAE  18.887   RMSE  21.082
      R2    -2.2095   r   +0.6513   %MAE  39.15

wrote outputs/predictions/barc_refiner_from_farm018_hilr/field_aggregation/soybeans_BARC_2023_field_metrics.csv
wrote outputs/predictions/barc_refiner_from_farm018_hilr/field_aggregation/soybeans_BARC_2023_field_metrics.png
