warning: `VIRTUAL_ENV=/home/cholab/LabMembers/Samar/EO-based-yield-prediction/data_preparation/.venv` does not match the project environment path `.venv` and will be ignored; use `--active` to target the active environment instead
[08:21:10] INFO     Fold: test=2024 val=[2023] train=[2014, 2015, 2016, 2017,   
                    2018, 2019, 2020, 2021, 2022]                               
[08:24:20] WARNING  Excluded 82 chip(s) via data.exclude_sample_ids:            
                    soybeans_IN_2021_r2464_c3360, soybeans_IN_2021_r2464_c3584, 
                    soybeans_IN_2022_r11648_c4928,                              
                    soybeans_IN_2022_r11648_c5152, soybeans_MD_2015_r1120_c4256,
                    soybeans_MD_2015_r1120_c4480, soybeans_MD_2015_r1120_c4704, 
                    soybeans_MD_2015_r1120_c4928, soybeans_MD_2015_r1120_c5152, 
                    soybeans_MD_2015_r1120_c5824, soybeans_MD_2015_r1120_c6048, 
                    soybeans_MD_2015_r1120_c6272, soybeans_MD_2015_r1792_c6272, 
                    soybeans_MD_2015_r1792_c6496, soybeans_MD_2015_r1792_c6944, 
                    soybeans_MD_2015_r1792_c9408, soybeans_MD_2015_r1792_c9632, 
                    soybeans_MD_2015_r1792_c9856, soybeans_MD_2015_r2016_c10304,
                    soybeans_MD_2015_r2016_c10528,                              
                    soybeans_MD_2015_r2016_c10752,                              
                    soybeans_MD_2015_r2240_c10080,                              
                    soybeans_MD_2015_r2240_c10304,                              
                    soybeans_MD_2015_r2240_c10528,                              
                    soybeans_MD_2015_r2240_c10752, soybeans_MD_2015_r2240_c5376,
                    soybeans_MD_2015_r224_c9408, soybeans_MD_2015_r224_c9632,   
                    soybeans_MD_2015_r4032_c10528,                              
                    soybeans_MD_2015_r4032_c10752,                              
                    soybeans_MD_2015_r4032_c10976,                              
                    soybeans_MD_2015_r4032_c11200,                              
                    soybeans_MD_2015_r4256_c10080,                              
                    soybeans_MD_2015_r4256_c10528,                              
                    soybeans_MD_2015_r4256_c10752,                              
                    soybeans_MD_2015_r4256_c10976,                              
                    soybeans_MD_2015_r4256_c12320,                              
                    soybeans_MD_2015_r4256_c12768,                              
                    soybeans_MD_2015_r4256_c12992, soybeans_MD_2015_r4256_c8288,
                    soybeans_MD_2015_r4256_c9856, soybeans_MD_2015_r4480_c10080,
                    soybeans_MD_2015_r4480_c10304,                              
                    soybeans_MD_2015_r4480_c10528,                              
                    soybeans_MD_2015_r4480_c10752,                              
                    soybeans_MD_2015_r4480_c10976,                              
                    soybeans_MD_2015_r4480_c11200,                              
                    soybeans_MD_2015_r4480_c11424,                              
                    soybeans_MD_2015_r4480_c11648,                              
                    soybeans_MD_2015_r4480_c11872,                              
                    soybeans_MD_2015_r4480_c12096,                              
                    soybeans_MD_2015_r4480_c12320,                              
                    soybeans_MD_2015_r4480_c12544,                              
                    soybeans_MD_2015_r4480_c12768,                              
                    soybeans_MD_2015_r4704_c11424,                              
                    soybeans_MD_2015_r4704_c11648,                              
                    soybeans_MD_2015_r4704_c11872,                              
                    soybeans_MD_2015_r4704_c12096,                              
                    soybeans_MD_2015_r4704_c12320,                              
                    soybeans_MD_2015_r4704_c12544,                              
                    soybeans_MD_2015_r4704_c12768,                              
                    soybeans_MD_2015_r4704_c12992,                              
                    soybeans_MD_2015_r5152_c12544,                              
                    soybeans_MD_2015_r5152_c12768,                              
                    soybeans_MD_2015_r5376_c11424,                              
                    soybeans_MD_2015_r5376_c11648,                              
                    soybeans_MD_2015_r5376_c12544, soybeans_MD_2015_r5376_c8512,
                    soybeans_MD_2015_r672_c7840, soybeans_MD_2015_r672_c8064,   
                    soybeans_MD_2015_r672_c8736, soybeans_MD_2015_r672_c8960,   
                    soybeans_MD_2015_r896_c10080, soybeans_MD_2015_r896_c10304, 
                    soybeans_MD_2015_r896_c6048, soybeans_MD_2015_r896_c6272,   
                    soybeans_MD_2015_r896_c6496, soybeans_MD_2015_r896_c6720,   
                    soybeans_MD_2015_r896_c6944, soybeans_MD_2015_r896_c7168,   
                    soybeans_MD_2015_r896_c7392, soybeans_MD_2015_r896_c7616    
           INFO     manifest QC: 121190/238997 chips have qualifying imagery    
[08:24:22] WARNING  REUSING normalization stats from                            
                    outputs/runs/cornbelt5_soybeans_longer_time/test2024/norm_st
                    ats.json (train_years=[2014, 2015, 2016, 2017, 2018, 2019,  
                    2020, 2021, 2022], n_chips_used=2000, seed=0) -- statistics 
                    pass SKIPPED                                                
[08:24:26] INFO     Building TerraTorch backbone 'prithvi_eo_v2_600_tl'         
                    (pretrained=True)                                           
[08:24:32] INFO     HTTP Request: HEAD                                          
                    https://huggingface.co/ibm-nasa-geospatial/Prithvi-EO-2.0-60
                    0M-TL/resolve/main/Prithvi_EO_V2_600M_TL.pt "HTTP/1.1 302   
                    Found"                                                      
Warning: You are sending unauthenticated requests to the HF Hub. Please set a HF_TOKEN to enable higher rate limits and faster downloads.
           WARNING  Warning: You are sending unauthenticated requests to the HF 
                    Hub. Please set a HF_TOKEN to enable higher rate limits and 
                    faster downloads.                                           
[08:24:36] INFO     Loaded weights for HLSBands.BLUE in position 0 of patch     
                    embed                                                       
           INFO     Loaded weights for HLSBands.GREEN in position 1 of patch    
                    embed                                                       
           INFO     Loaded weights for HLSBands.RED in position 2 of patch embed
           INFO     Loaded weights for HLSBands.NIR_NARROW in position 3 of     
                    patch embed                                                 
           INFO     Loaded weights for HLSBands.SWIR_1 in position 4 of patch   
                    embed                                                       
           INFO     Loaded weights for HLSBands.SWIR_2 in position 5 of patch   
                    embed                                                       
INFO: Using 16bit Automatic Mixed Precision (AMP)
[08:24:37] INFO     Using 16bit Automatic Mixed Precision (AMP)                 
INFO: GPU available: True (cuda), used: True
           INFO     GPU available: True (cuda), used: True                      
INFO: TPU available: False, using: 0 TPU cores
           INFO     TPU available: False, using: 0 TPU cores                    
INFO: 💡 Tip: For seamless cloud logging and experiment tracking, try installing [litlogger](https://pypi.org/project/litlogger/) to enable LitLogger, which logs metrics and artifacts automatically to the Lightning Experiments platform.
           INFO     💡 Tip: For seamless cloud logging and experiment tracking, 
                    try installing                                              
                    [litlogger](https://pypi.org/project/litlogger/) to enable  
                    LitLogger, which logs metrics and artifacts automatically to
                    the Lightning Experiments platform.                         
INFO: `Trainer(limit_train_batches=1.0)` was configured so 100% of the batches per epoch will be used..
           INFO     `Trainer(limit_train_batches=1.0)` was configured so 100% of
                    the batches per epoch will be used..                        
INFO: `Trainer(limit_val_batches=1.0)` was configured so 100% of the batches will be used..
           INFO     `Trainer(limit_val_batches=1.0)` was configured so 100% of  
                    the batches will be used..                                  
           INFO     Resuming from checkpoint:                                   
                    outputs/runs/cornbelt5_soybeans_longer_time/test2024/checkpo
                    ints/last.ckpt                                              
/home/cholab/LabMembers/Samar/EO-based-yield-prediction/model/.venv/lib/python3.11/site-packages/lightning/pytorch/callbacks/model_checkpoint.py:881: Checkpoint directory /home/cholab/LabMembers/Samar/EO-based-yield-prediction/model/outputs/runs/cornbelt5_soybeans_longer_time/test2024/checkpoints exists and is not empty.
INFO: Restoring states from the checkpoint path at outputs/runs/cornbelt5_soybeans_longer_time/test2024/checkpoints/last.ckpt
           INFO     Restoring states from the checkpoint path at                
                    outputs/runs/cornbelt5_soybeans_longer_time/test2024/checkpo
                    ints/last.ckpt                                              
INFO: LOCAL_RANK: 0 - CUDA_VISIBLE_DEVICES: [0]
[08:24:41] INFO     LOCAL_RANK: 0 - CUDA_VISIBLE_DEVICES: [0]                   
/home/cholab/LabMembers/Samar/EO-based-yield-prediction/model/.venv/lib/python3.11/site-packages/lightning/pytorch/utilities/model_summary/model_summary.py:242: Precision 16-mixed is not supported by the model summary.  Estimated model size in MB will not be accurate. Using 32 bits instead.
┏━━━┳━━━━━━━┳━━━━━━━━━━━┳━━━━━━━━┳━━━━━━━┳━━━━━━━┓
┃   ┃ Name  ┃ Type      ┃ Params ┃ Mode  ┃ FLOPs ┃
┡━━━╇━━━━━━━╇━━━━━━━━━━━╇━━━━━━━━╇━━━━━━━╇━━━━━━━┩
│ 0 │ model │ FarmModel │  775 M │ train │     0 │
└───┴───────┴───────────┴────────┴───────┴───────┘
Trainable params: 143 M                                                         
Non-trainable params: 631 M                                                     
Total params: 775 M                                                             
Total estimated model params size (MB): 3,100.618                               
Modules in train mode: 838                                                      
Modules in eval mode: 0                                                         
Total FLOPs: 0                                                                  
INFO: Restored all states from the checkpoint at outputs/runs/cornbelt5_soybeans_longer_time/test2024/checkpoints/last.ckpt
[08:24:42] INFO     Restored all states from the checkpoint at                  
                    outputs/runs/cornbelt5_soybeans_longer_time/test2024/checkpo
                    ints/last.ckpt                                              
/home/cholab/LabMembers/Samar/EO-based-yield-prediction/model/.venv/lib/python3.11/site-packages/lightning/pytorch/utilities/_pytree.py:21: `isinstance(treespec, LeafSpec)` is deprecated, use `isinstance(treespec, TreeSpec) and treespec.is_leaf()` instead.
[08:27:20] INFO     GDAL signalled an error: err_no=1, msg='ZIPDecode:Decoding  
                    error at scanline 10080'                                    
           INFO     GDAL signalled an error: err_no=1,                          
                    msg='TIFFReadEncodedTile() failed.'                         
           INFO     GDAL signalled an error: err_no=1,                          
                    msg='hls_soybeans_MD_2015_MAY.tif, band 1: IReadBlock failed
                    at X offset 45, Y offset 10: TIFFReadEncodedTile() failed.' 
           WARNING  Corrupted read in hls_soybeans_MD_2015_MAY.tif (MAY,        
                    state=MD year=2015 window=row2240_col9856): Read failed. See
                    previous exception for details. -- treating this month as   
                    missing                                                     
[08:31:50] INFO     GDAL signalled an error: err_no=1, msg='ZIPDecode:Decoding  
                    error at scanline 10528'                                    
           INFO     GDAL signalled an error: err_no=1,                          
                    msg='TIFFReadEncodedTile() failed.'                         
           INFO     GDAL signalled an error: err_no=1,                          
                    msg='hls_soybeans_MD_2015_MAY.tif, band 1: IReadBlock failed
                    at X offset 47, Y offset 18: TIFFReadEncodedTile() failed.' 
           WARNING  Corrupted read in hls_soybeans_MD_2015_MAY.tif (MAY,        
                    state=MD year=2015 window=row4032_col10304): Read failed.   
                    See previous exception for details. -- treating this month  
                    as missing                                                  
[08:47:29] INFO     GDAL signalled an error: err_no=1, msg='ZIPDecode:Decoding  
                    error at scanline 12544'                                    
           INFO     GDAL signalled an error: err_no=1,                          
                    msg='TIFFReadEncodedTile() failed.'                         
           INFO     GDAL signalled an error: err_no=1,                          
                    msg='hls_soybeans_MD_2015_MAY.tif, band 1: IReadBlock failed
                    at X offset 56, Y offset 23: TIFFReadEncodedTile() failed.' 
           WARNING  Corrupted read in hls_soybeans_MD_2015_MAY.tif (MAY,        
                    state=MD year=2015 window=row5152_col12320): Read failed.   
                    See previous exception for details. -- treating this month  
                    as missing                                                  
[09:50:46] INFO     GDAL signalled an error: err_no=1, msg='ZIPDecode:Decoding  
                    error at scanline 6272'                                     
           INFO     GDAL signalled an error: err_no=1,                          
                    msg='TIFFReadEncodedTile() failed.'                         
           INFO     GDAL signalled an error: err_no=1,                          
                    msg='hls_soybeans_MD_2015_MAY.tif, band 1: IReadBlock failed
                    at X offset 28, Y offset 8: TIFFReadEncodedTile() failed.'  
           WARNING  Corrupted read in hls_soybeans_MD_2015_MAY.tif (MAY,        
                    state=MD year=2015 window=row1792_col6048): Read failed. See
                    previous exception for details. -- treating this month as   
                    missing                                                     
[12:22:45] INFO     GDAL signalled an error: err_no=1, msg='ZIPDecode:Decoding  
                    error at scanline 10304'                                    
           INFO     GDAL signalled an error: err_no=1,                          
                    msg='TIFFReadEncodedTile() failed.'                         
           INFO     GDAL signalled an error: err_no=1,                          
                    msg='hls_soybeans_MD_2015_MAY.tif, band 1: IReadBlock failed
                    at X offset 46, Y offset 9: TIFFReadEncodedTile() failed.'  
           WARNING  Corrupted read in hls_soybeans_MD_2015_MAY.tif (MAY,        
                    state=MD year=2015 window=row2016_col10080): Read failed.   
                    See previous exception for details. -- treating this month  
                    as missing                                                  
[14:19:15] INFO     GDAL signalled an error: err_no=1, msg='ZIPDecode:Decoding  
                    error at scanline 6272'                                     
           INFO     GDAL signalled an error: err_no=1,                          
                    msg='TIFFReadEncodedTile() failed.'                         
           INFO     GDAL signalled an error: err_no=1,                          
                    msg='hls_soybeans_MD_2015_MAY.tif, band 1: IReadBlock failed
                    at X offset 28, Y offset 8: TIFFReadEncodedTile() failed.'  
           WARNING  Corrupted read in hls_soybeans_MD_2015_MAY.tif (MAY,        
                    state=MD year=2015 window=row1792_col6048): Read failed. See
                    previous exception for details. -- treating this month as   
                    missing                                                     
[14:27:43] INFO     GDAL signalled an error: err_no=1, msg='ZIPDecode:Decoding  
                    error at scanline 10528'                                    
           INFO     GDAL signalled an error: err_no=1,                          
                    msg='TIFFReadEncodedTile() failed.'                         
           INFO     GDAL signalled an error: err_no=1,                          
                    msg='hls_soybeans_MD_2015_MAY.tif, band 1: IReadBlock failed
                    at X offset 47, Y offset 18: TIFFReadEncodedTile() failed.' 
           WARNING  Corrupted read in hls_soybeans_MD_2015_MAY.tif (MAY,        
                    state=MD year=2015 window=row4032_col10304): Read failed.   
                    See previous exception for details. -- treating this month  
                    as missing                                                  
[16:13:19] INFO     GDAL signalled an error: err_no=1, msg='ZIPDecode:Decoding  
                    error at scanline 12544'                                    
           INFO     GDAL signalled an error: err_no=1,                          
                    msg='TIFFReadEncodedTile() failed.'                         
           INFO     GDAL signalled an error: err_no=1,                          
                    msg='hls_soybeans_MD_2015_MAY.tif, band 1: IReadBlock failed
                    at X offset 56, Y offset 23: TIFFReadEncodedTile() failed.' 
           WARNING  Corrupted read in hls_soybeans_MD_2015_MAY.tif (MAY,        
                    state=MD year=2015 window=row5152_col12320): Read failed.   
                    See previous exception for details. -- treating this month  
                    as missing                                                  
[16:49:00] INFO     GDAL signalled an error: err_no=1, msg='ZIPDecode:Decoding  
                    error at scanline 10080'                                    
           INFO     GDAL signalled an error: err_no=1,                          
                    msg='TIFFReadEncodedTile() failed.'                         
           INFO     GDAL signalled an error: err_no=1,                          
                    msg='hls_soybeans_MD_2015_MAY.tif, band 1: IReadBlock failed
                    at X offset 45, Y offset 10: TIFFReadEncodedTile() failed.' 
           WARNING  Corrupted read in hls_soybeans_MD_2015_MAY.tif (MAY,        
                    state=MD year=2015 window=row2240_col9856): Read failed. See
                    previous exception for details. -- treating this month as   
                    missing                                                     
[17:51:20] INFO     GDAL signalled an error: err_no=1, msg='ZIPDecode:Decoding  
                    error at scanline 10304'                                    
           INFO     GDAL signalled an error: err_no=1,                          
                    msg='TIFFReadEncodedTile() failed.'                         
           INFO     GDAL signalled an error: err_no=1,                          
                    msg='hls_soybeans_MD_2015_MAY.tif, band 1: IReadBlock failed
                    at X offset 46, Y offset 9: TIFFReadEncodedTile() failed.'  
           WARNING  Corrupted read in hls_soybeans_MD_2015_MAY.tif (MAY,        
                    state=MD year=2015 window=row2016_col10080): Read failed.   
                    See previous exception for details. -- treating this month  
                    as missing                                                  
[20:32:14] INFO     GDAL signalled an error: err_no=1, msg='ZIPDecode:Decoding  
                    error at scanline 12544'                                    
           INFO     GDAL signalled an error: err_no=1,                          
                    msg='TIFFReadEncodedTile() failed.'                         
           INFO     GDAL signalled an error: err_no=1,                          
                    msg='hls_soybeans_MD_2015_MAY.tif, band 1: IReadBlock failed
                    at X offset 56, Y offset 23: TIFFReadEncodedTile() failed.' 
           WARNING  Corrupted read in hls_soybeans_MD_2015_MAY.tif (MAY,        
                    state=MD year=2015 window=row5152_col12320): Read failed.   
                    See previous exception for details. -- treating this month  
                    as missing                                                  
[20:49:14] INFO     GDAL signalled an error: err_no=1, msg='ZIPDecode:Decoding  
                    error at scanline 10080'                                    
           INFO     GDAL signalled an error: err_no=1,                          
                    msg='TIFFReadEncodedTile() failed.'                         
           INFO     GDAL signalled an error: err_no=1,                          
                    msg='hls_soybeans_MD_2015_MAY.tif, band 1: IReadBlock failed
                    at X offset 45, Y offset 10: TIFFReadEncodedTile() failed.' 
           WARNING  Corrupted read in hls_soybeans_MD_2015_MAY.tif (MAY,        
                    state=MD year=2015 window=row2240_col9856): Read failed. See
                    previous exception for details. -- treating this month as   
                    missing                                                     
[20:50:46] INFO     GDAL signalled an error: err_no=1, msg='ZIPDecode:Decoding  
                    error at scanline 10304'                                    
           INFO     GDAL signalled an error: err_no=1,                          
                    msg='TIFFReadEncodedTile() failed.'                         
           INFO     GDAL signalled an error: err_no=1,                          
                    msg='hls_soybeans_MD_2015_MAY.tif, band 1: IReadBlock failed
                    at X offset 46, Y offset 9: TIFFReadEncodedTile() failed.'  
           WARNING  Corrupted read in hls_soybeans_MD_2015_MAY.tif (MAY,        
                    state=MD year=2015 window=row2016_col10080): Read failed.   
                    See previous exception for details. -- treating this month  
                    as missing                                                  
[22:10:38] INFO     GDAL signalled an error: err_no=1, msg='ZIPDecode:Decoding  
                    error at scanline 6272'                                     
           INFO     GDAL signalled an error: err_no=1,                          
                    msg='TIFFReadEncodedTile() failed.'                         
           INFO     GDAL signalled an error: err_no=1,                          
                    msg='hls_soybeans_MD_2015_MAY.tif, band 1: IReadBlock failed
                    at X offset 28, Y offset 8: TIFFReadEncodedTile() failed.'  
           WARNING  Corrupted read in hls_soybeans_MD_2015_MAY.tif (MAY,        
                    state=MD year=2015 window=row1792_col6048): Read failed. See
                    previous exception for details. -- treating this month as   
                    missing                                                     
[22:44:43] INFO     GDAL signalled an error: err_no=1, msg='ZIPDecode:Decoding  
                    error at scanline 10528'                                    
           INFO     GDAL signalled an error: err_no=1,                          
                    msg='TIFFReadEncodedTile() failed.'                         
           INFO     GDAL signalled an error: err_no=1,                          
                    msg='hls_soybeans_MD_2015_MAY.tif, band 1: IReadBlock failed
                    at X offset 47, Y offset 18: TIFFReadEncodedTile() failed.' 
           WARNING  Corrupted read in hls_soybeans_MD_2015_MAY.tif (MAY,        
                    state=MD year=2015 window=row4032_col10304): Read failed.   
                    See previous exception for details. -- treating this month  
                    as missing                                                  
[01:45:08] INFO     GDAL signalled an error: err_no=1, msg='ZIPDecode:Decoding  
                    error at scanline 12544'                                    
           INFO     GDAL signalled an error: err_no=1,                          
                    msg='TIFFReadEncodedTile() failed.'                         
           INFO     GDAL signalled an error: err_no=1,                          
                    msg='hls_soybeans_MD_2015_MAY.tif, band 1: IReadBlock failed
                    at X offset 56, Y offset 23: TIFFReadEncodedTile() failed.' 
           WARNING  Corrupted read in hls_soybeans_MD_2015_MAY.tif (MAY,        
                    state=MD year=2015 window=row5152_col12320): Read failed.   
                    See previous exception for details. -- treating this month  
                    as missing                                                  
[01:50:45] INFO     GDAL signalled an error: err_no=1, msg='ZIPDecode:Decoding  
                    error at scanline 6272'                                     
           INFO     GDAL signalled an error: err_no=1,                          
                    msg='TIFFReadEncodedTile() failed.'                         
           INFO     GDAL signalled an error: err_no=1,                          
                    msg='hls_soybeans_MD_2015_MAY.tif, band 1: IReadBlock failed
                    at X offset 28, Y offset 8: TIFFReadEncodedTile() failed.'  
           WARNING  Corrupted read in hls_soybeans_MD_2015_MAY.tif (MAY,        
                    state=MD year=2015 window=row1792_col6048): Read failed. See
                    previous exception for details. -- treating this month as   
                    missing                                                     
[02:58:37] INFO     GDAL signalled an error: err_no=1, msg='ZIPDecode:Decoding  
                    error at scanline 10304'                                    
           INFO     GDAL signalled an error: err_no=1,                          
                    msg='TIFFReadEncodedTile() failed.'                         
           INFO     GDAL signalled an error: err_no=1,                          
                    msg='hls_soybeans_MD_2015_MAY.tif, band 1: IReadBlock failed
                    at X offset 46, Y offset 9: TIFFReadEncodedTile() failed.'  
           WARNING  Corrupted read in hls_soybeans_MD_2015_MAY.tif (MAY,        
                    state=MD year=2015 window=row2016_col10080): Read failed.   
                    See previous exception for details. -- treating this month  
                    as missing                                                  
[03:33:11] INFO     GDAL signalled an error: err_no=1, msg='ZIPDecode:Decoding  
                    error at scanline 10080'                                    
           INFO     GDAL signalled an error: err_no=1,                          
                    msg='TIFFReadEncodedTile() failed.'                         
           INFO     GDAL signalled an error: err_no=1,                          
                    msg='hls_soybeans_MD_2015_MAY.tif, band 1: IReadBlock failed
                    at X offset 45, Y offset 10: TIFFReadEncodedTile() failed.' 
           WARNING  Corrupted read in hls_soybeans_MD_2015_MAY.tif (MAY,        
                    state=MD year=2015 window=row2240_col9856): Read failed. See
                    previous exception for details. -- treating this month as   
                    missing                                                     
[03:54:22] INFO     GDAL signalled an error: err_no=1, msg='ZIPDecode:Decoding  
                    error at scanline 10528'                                    
           INFO     GDAL signalled an error: err_no=1,                          
                    msg='TIFFReadEncodedTile() failed.'                         
           INFO     GDAL signalled an error: err_no=1,                          
                    msg='hls_soybeans_MD_2015_MAY.tif, band 1: IReadBlock failed
                    at X offset 47, Y offset 18: TIFFReadEncodedTile() failed.' 
           WARNING  Corrupted read in hls_soybeans_MD_2015_MAY.tif (MAY,        
                    state=MD year=2015 window=row4032_col10304): Read failed.   
                    See previous exception for details. -- treating this month  
                    as missing                                                  
[08:55:45] INFO     GDAL signalled an error: err_no=1, msg='ZIPDecode:Decoding  
                    error at scanline 10304'                                    
           INFO     GDAL signalled an error: err_no=1,                          
                    msg='TIFFReadEncodedTile() failed.'                         
           INFO     GDAL signalled an error: err_no=1,                          
                    msg='hls_soybeans_MD_2015_MAY.tif, band 1: IReadBlock failed
                    at X offset 46, Y offset 9: TIFFReadEncodedTile() failed.'  
           WARNING  Corrupted read in hls_soybeans_MD_2015_MAY.tif (MAY,        
                    state=MD year=2015 window=row2016_col10080): Read failed.   
                    See previous exception for details. -- treating this month  
                    as missing                                                  
[09:54:12] INFO     GDAL signalled an error: err_no=1, msg='ZIPDecode:Decoding  
                    error at scanline 10080'                                    
           INFO     GDAL signalled an error: err_no=1,                          
                    msg='TIFFReadEncodedTile() failed.'                         
           INFO     GDAL signalled an error: err_no=1,                          
                    msg='hls_soybeans_MD_2015_MAY.tif, band 1: IReadBlock failed
                    at X offset 45, Y offset 10: TIFFReadEncodedTile() failed.' 
           WARNING  Corrupted read in hls_soybeans_MD_2015_MAY.tif (MAY,        
                    state=MD year=2015 window=row2240_col9856): Read failed. See
                    previous exception for details. -- treating this month as   
                    missing                                                     
[10:44:01] INFO     GDAL signalled an error: err_no=1, msg='ZIPDecode:Decoding  
                    error at scanline 6272'                                     
           INFO     GDAL signalled an error: err_no=1,                          
                    msg='TIFFReadEncodedTile() failed.'                         
           INFO     GDAL signalled an error: err_no=1,                          
                    msg='hls_soybeans_MD_2015_MAY.tif, band 1: IReadBlock failed
                    at X offset 28, Y offset 8: TIFFReadEncodedTile() failed.'  
           WARNING  Corrupted read in hls_soybeans_MD_2015_MAY.tif (MAY,        
                    state=MD year=2015 window=row1792_col6048): Read failed. See
                    previous exception for details. -- treating this month as   
                    missing                                                     
[10:54:57] INFO     GDAL signalled an error: err_no=1, msg='ZIPDecode:Decoding  
                    error at scanline 12544'                                    
           INFO     GDAL signalled an error: err_no=1,                          
                    msg='TIFFReadEncodedTile() failed.'                         
           INFO     GDAL signalled an error: err_no=1,                          
                    msg='hls_soybeans_MD_2015_MAY.tif, band 1: IReadBlock failed
                    at X offset 56, Y offset 23: TIFFReadEncodedTile() failed.' 
           WARNING  Corrupted read in hls_soybeans_MD_2015_MAY.tif (MAY,        
                    state=MD year=2015 window=row5152_col12320): Read failed.   
                    See previous exception for details. -- treating this month  
                    as missing                                                  
[11:30:13] INFO     GDAL signalled an error: err_no=1, msg='ZIPDecode:Decoding  
                    error at scanline 10528'                                    
           INFO     GDAL signalled an error: err_no=1,                          
                    msg='TIFFReadEncodedTile() failed.'                         
           INFO     GDAL signalled an error: err_no=1,                          
                    msg='hls_soybeans_MD_2015_MAY.tif, band 1: IReadBlock failed
                    at X offset 47, Y offset 18: TIFFReadEncodedTile() failed.' 
           WARNING  Corrupted read in hls_soybeans_MD_2015_MAY.tif (MAY,        
                    state=MD year=2015 window=row4032_col10304): Read failed.   
                    See previous exception for details. -- treating this month  
                    as missing                                                  
[14:45:22] INFO     GDAL signalled an error: err_no=1, msg='ZIPDecode:Decoding  
                    error at scanline 10080'                                    
           INFO     GDAL signalled an error: err_no=1,                          
                    msg='TIFFReadEncodedTile() failed.'                         
           INFO     GDAL signalled an error: err_no=1,                          
                    msg='hls_soybeans_MD_2015_MAY.tif, band 1: IReadBlock failed
                    at X offset 45, Y offset 10: TIFFReadEncodedTile() failed.' 
           WARNING  Corrupted read in hls_soybeans_MD_2015_MAY.tif (MAY,        
                    state=MD year=2015 window=row2240_col9856): Read failed. See
                    previous exception for details. -- treating this month as   
                    missing                                                     
[14:53:16] INFO     GDAL signalled an error: err_no=1, msg='ZIPDecode:Decoding  
                    error at scanline 6272'                                     
           INFO     GDAL signalled an error: err_no=1,                          
                    msg='TIFFReadEncodedTile() failed.'                         
           INFO     GDAL signalled an error: err_no=1,                          
                    msg='hls_soybeans_MD_2015_MAY.tif, band 1: IReadBlock failed
                    at X offset 28, Y offset 8: TIFFReadEncodedTile() failed.'  
           WARNING  Corrupted read in hls_soybeans_MD_2015_MAY.tif (MAY,        
                    state=MD year=2015 window=row1792_col6048): Read failed. See
                    previous exception for details. -- treating this month as   
                    missing                                                     
[15:41:04] INFO     GDAL signalled an error: err_no=1, msg='ZIPDecode:Decoding  
                    error at scanline 10304'                                    
           INFO     GDAL signalled an error: err_no=1,                          
                    msg='TIFFReadEncodedTile() failed.'                         
           INFO     GDAL signalled an error: err_no=1,                          
                    msg='hls_soybeans_MD_2015_MAY.tif, band 1: IReadBlock failed
                    at X offset 46, Y offset 9: TIFFReadEncodedTile() failed.'  
           WARNING  Corrupted read in hls_soybeans_MD_2015_MAY.tif (MAY,        
                    state=MD year=2015 window=row2016_col10080): Read failed.   
                    See previous exception for details. -- treating this month  
                    as missing                                                  
[16:05:34] INFO     GDAL signalled an error: err_no=1, msg='ZIPDecode:Decoding  
                    error at scanline 12544'                                    
           INFO     GDAL signalled an error: err_no=1,                          
                    msg='TIFFReadEncodedTile() failed.'                         
           INFO     GDAL signalled an error: err_no=1,                          
                    msg='hls_soybeans_MD_2015_MAY.tif, band 1: IReadBlock failed
                    at X offset 56, Y offset 23: TIFFReadEncodedTile() failed.' 
           WARNING  Corrupted read in hls_soybeans_MD_2015_MAY.tif (MAY,        
                    state=MD year=2015 window=row5152_col12320): Read failed.   
                    See previous exception for details. -- treating this month  
                    as missing                                                  
[17:40:36] INFO     GDAL signalled an error: err_no=1, msg='ZIPDecode:Decoding  
                    error at scanline 10528'                                    
           INFO     GDAL signalled an error: err_no=1,                          
                    msg='TIFFReadEncodedTile() failed.'                         
           INFO     GDAL signalled an error: err_no=1,                          
                    msg='hls_soybeans_MD_2015_MAY.tif, band 1: IReadBlock failed
                    at X offset 47, Y offset 18: TIFFReadEncodedTile() failed.' 
           WARNING  Corrupted read in hls_soybeans_MD_2015_MAY.tif (MAY,        
                    state=MD year=2015 window=row4032_col10304): Read failed.   
                    See previous exception for details. -- treating this month  
                    as missing                                                  
[18:45:32] INFO     GDAL signalled an error: err_no=1, msg='ZIPDecode:Decoding  
                    error at scanline 10304'                                    
           INFO     GDAL signalled an error: err_no=1,                          
                    msg='TIFFReadEncodedTile() failed.'                         
           INFO     GDAL signalled an error: err_no=1,                          
                    msg='hls_soybeans_MD_2015_MAY.tif, band 1: IReadBlock failed
                    at X offset 46, Y offset 9: TIFFReadEncodedTile() failed.'  
           WARNING  Corrupted read in hls_soybeans_MD_2015_MAY.tif (MAY,        
                    state=MD year=2015 window=row2016_col10080): Read failed.   
                    See previous exception for details. -- treating this month  
                    as missing                                                  
[19:00:33] INFO     GDAL signalled an error: err_no=1, msg='ZIPDecode:Decoding  
                    error at scanline 10080'                                    
           INFO     GDAL signalled an error: err_no=1,                          
                    msg='TIFFReadEncodedTile() failed.'                         
           INFO     GDAL signalled an error: err_no=1,                          
                    msg='hls_soybeans_MD_2015_MAY.tif, band 1: IReadBlock failed
                    at X offset 45, Y offset 10: TIFFReadEncodedTile() failed.' 
           WARNING  Corrupted read in hls_soybeans_MD_2015_MAY.tif (MAY,        
                    state=MD year=2015 window=row2240_col9856): Read failed. See
                    previous exception for details. -- treating this month as   
                    missing                                                     
[20:24:31] INFO     GDAL signalled an error: err_no=1, msg='ZIPDecode:Decoding  
                    error at scanline 12544'                                    
           INFO     GDAL signalled an error: err_no=1,                          
                    msg='TIFFReadEncodedTile() failed.'                         
           INFO     GDAL signalled an error: err_no=1,                          
                    msg='hls_soybeans_MD_2015_MAY.tif, band 1: IReadBlock failed
                    at X offset 56, Y offset 23: TIFFReadEncodedTile() failed.' 
           WARNING  Corrupted read in hls_soybeans_MD_2015_MAY.tif (MAY,        
                    state=MD year=2015 window=row5152_col12320): Read failed.   
                    See previous exception for details. -- treating this month  
                    as missing                                                  
[21:03:43] INFO     GDAL signalled an error: err_no=1, msg='ZIPDecode:Decoding  
                    error at scanline 6272'                                     
           INFO     GDAL signalled an error: err_no=1,                          
                    msg='TIFFReadEncodedTile() failed.'                         
           INFO     GDAL signalled an error: err_no=1,                          
                    msg='hls_soybeans_MD_2015_MAY.tif, band 1: IReadBlock failed
                    at X offset 28, Y offset 8: TIFFReadEncodedTile() failed.'  
           WARNING  Corrupted read in hls_soybeans_MD_2015_MAY.tif (MAY,        
                    state=MD year=2015 window=row1792_col6048): Read failed. See
                    previous exception for details. -- treating this month as   
                    missing                                                     
[22:55:17] INFO     GDAL signalled an error: err_no=1, msg='ZIPDecode:Decoding  
                    error at scanline 10528'                                    
           INFO     GDAL signalled an error: err_no=1,                          
                    msg='TIFFReadEncodedTile() failed.'                         
           INFO     GDAL signalled an error: err_no=1,                          
                    msg='hls_soybeans_MD_2015_MAY.tif, band 1: IReadBlock failed
                    at X offset 47, Y offset 18: TIFFReadEncodedTile() failed.' 
           WARNING  Corrupted read in hls_soybeans_MD_2015_MAY.tif (MAY,        
                    state=MD year=2015 window=row4032_col10304): Read failed.   
                    See previous exception for details. -- treating this month  
                    as missing                                                  
[02:04:09] INFO     GDAL signalled an error: err_no=1, msg='ZIPDecode:Decoding  
                    error at scanline 10304'                                    
           INFO     GDAL signalled an error: err_no=1,                          
                    msg='TIFFReadEncodedTile() failed.'                         
           INFO     GDAL signalled an error: err_no=1,                          
                    msg='hls_soybeans_MD_2015_MAY.tif, band 1: IReadBlock failed
                    at X offset 46, Y offset 9: TIFFReadEncodedTile() failed.'  
           WARNING  Corrupted read in hls_soybeans_MD_2015_MAY.tif (MAY,        
                    state=MD year=2015 window=row2016_col10080): Read failed.   
                    See previous exception for details. -- treating this month  
                    as missing                                                  
[03:50:53] INFO     GDAL signalled an error: err_no=1, msg='ZIPDecode:Decoding  
                    error at scanline 12544'                                    
           INFO     GDAL signalled an error: err_no=1,                          
                    msg='TIFFReadEncodedTile() failed.'                         
           INFO     GDAL signalled an error: err_no=1,                          
                    msg='hls_soybeans_MD_2015_MAY.tif, band 1: IReadBlock failed
                    at X offset 56, Y offset 23: TIFFReadEncodedTile() failed.' 
           WARNING  Corrupted read in hls_soybeans_MD_2015_MAY.tif (MAY,        
                    state=MD year=2015 window=row5152_col12320): Read failed.   
                    See previous exception for details. -- treating this month  
                    as missing                                                  
[03:52:30] INFO     GDAL signalled an error: err_no=1, msg='ZIPDecode:Decoding  
                    error at scanline 6272'                                     
           INFO     GDAL signalled an error: err_no=1,                          
                    msg='TIFFReadEncodedTile() failed.'                         
           INFO     GDAL signalled an error: err_no=1,                          
                    msg='hls_soybeans_MD_2015_MAY.tif, band 1: IReadBlock failed
                    at X offset 28, Y offset 8: TIFFReadEncodedTile() failed.'  
           WARNING  Corrupted read in hls_soybeans_MD_2015_MAY.tif (MAY,        
                    state=MD year=2015 window=row1792_col6048): Read failed. See
                    previous exception for details. -- treating this month as   
                    missing                                                     
[04:22:23] INFO     GDAL signalled an error: err_no=1, msg='ZIPDecode:Decoding  
                    error at scanline 10080'                                    
           INFO     GDAL signalled an error: err_no=1,                          
                    msg='TIFFReadEncodedTile() failed.'                         
           INFO     GDAL signalled an error: err_no=1,                          
                    msg='hls_soybeans_MD_2015_MAY.tif, band 1: IReadBlock failed
                    at X offset 45, Y offset 10: TIFFReadEncodedTile() failed.' 
           WARNING  Corrupted read in hls_soybeans_MD_2015_MAY.tif (MAY,        
                    state=MD year=2015 window=row2240_col9856): Read failed. See
                    previous exception for details. -- treating this month as   
                    missing                                                     
[04:53:28] INFO     GDAL signalled an error: err_no=1, msg='ZIPDecode:Decoding  
                    error at scanline 10528'                                    
           INFO     GDAL signalled an error: err_no=1,                          
                    msg='TIFFReadEncodedTile() failed.'                         
           INFO     GDAL signalled an error: err_no=1,                          
                    msg='hls_soybeans_MD_2015_MAY.tif, band 1: IReadBlock failed
                    at X offset 47, Y offset 18: TIFFReadEncodedTile() failed.' 
           WARNING  Corrupted read in hls_soybeans_MD_2015_MAY.tif (MAY,        
                    state=MD year=2015 window=row4032_col10304): Read failed.   
                    See previous exception for details. -- treating this month  
                    as missing                                                  
[06:22:32] INFO     GDAL signalled an error: err_no=1, msg='ZIPDecode:Decoding  
                    error at scanline 10304'                                    
           INFO     GDAL signalled an error: err_no=1,                          
                    msg='TIFFReadEncodedTile() failed.'                         
           INFO     GDAL signalled an error: err_no=1,                          
                    msg='hls_soybeans_MD_2015_MAY.tif, band 1: IReadBlock failed
                    at X offset 46, Y offset 9: TIFFReadEncodedTile() failed.'  
           WARNING  Corrupted read in hls_soybeans_MD_2015_MAY.tif (MAY,        
                    state=MD year=2015 window=row2016_col10080): Read failed.   
                    See previous exception for details. -- treating this month  
                    as missing                                                  
[07:04:35] INFO     GDAL signalled an error: err_no=1, msg='ZIPDecode:Decoding  
                    error at scanline 10080'                                    
           INFO     GDAL signalled an error: err_no=1,                          
                    msg='TIFFReadEncodedTile() failed.'                         
           INFO     GDAL signalled an error: err_no=1,                          
                    msg='hls_soybeans_MD_2015_MAY.tif, band 1: IReadBlock failed
                    at X offset 45, Y offset 10: TIFFReadEncodedTile() failed.' 
           WARNING  Corrupted read in hls_soybeans_MD_2015_MAY.tif (MAY,        
                    state=MD year=2015 window=row2240_col9856): Read failed. See
                    previous exception for details. -- treating this month as   
                    missing                                                     
[07:24:11] INFO     GDAL signalled an error: err_no=1, msg='ZIPDecode:Decoding  
                    error at scanline 10528'                                    
           INFO     GDAL signalled an error: err_no=1,                          
                    msg='TIFFReadEncodedTile() failed.'                         
           INFO     GDAL signalled an error: err_no=1,                          
                    msg='hls_soybeans_MD_2015_MAY.tif, band 1: IReadBlock failed
                    at X offset 47, Y offset 18: TIFFReadEncodedTile() failed.' 
           WARNING  Corrupted read in hls_soybeans_MD_2015_MAY.tif (MAY,        
                    state=MD year=2015 window=row4032_col10304): Read failed.   
                    See previous exception for details. -- treating this month  
                    as missing                                                  
[07:38:58] INFO     GDAL signalled an error: err_no=1, msg='ZIPDecode:Decoding  
                    error at scanline 12544'                                    
           INFO     GDAL signalled an error: err_no=1,                          
                    msg='TIFFReadEncodedTile() failed.'                         
           INFO     GDAL signalled an error: err_no=1,                          
                    msg='hls_soybeans_MD_2015_MAY.tif, band 1: IReadBlock failed
                    at X offset 56, Y offset 23: TIFFReadEncodedTile() failed.' 
           WARNING  Corrupted read in hls_soybeans_MD_2015_MAY.tif (MAY,        
                    state=MD year=2015 window=row5152_col12320): Read failed.   
                    See previous exception for details. -- treating this month  
                    as missing                                                  
[09:02:02] INFO     GDAL signalled an error: err_no=1, msg='ZIPDecode:Decoding  
                    error at scanline 6272'                                     
           INFO     GDAL signalled an error: err_no=1,                          
                    msg='TIFFReadEncodedTile() failed.'                         
           INFO     GDAL signalled an error: err_no=1,                          
                    msg='hls_soybeans_MD_2015_MAY.tif, band 1: IReadBlock failed
                    at X offset 28, Y offset 8: TIFFReadEncodedTile() failed.'  
           WARNING  Corrupted read in hls_soybeans_MD_2015_MAY.tif (MAY,        
                    state=MD year=2015 window=row1792_col6048): Read failed. See
                    previous exception for details. -- treating this month as   
                    missing                                                     
[12:21:34] INFO     GDAL signalled an error: err_no=1, msg='ZIPDecode:Decoding  
                    error at scanline 12544'                                    
           INFO     GDAL signalled an error: err_no=1,                          
                    msg='TIFFReadEncodedTile() failed.'                         
           INFO     GDAL signalled an error: err_no=1,                          
                    msg='hls_soybeans_MD_2015_MAY.tif, band 1: IReadBlock failed
                    at X offset 56, Y offset 23: TIFFReadEncodedTile() failed.' 
           WARNING  Corrupted read in hls_soybeans_MD_2015_MAY.tif (MAY,        
                    state=MD year=2015 window=row5152_col12320): Read failed.   
                    See previous exception for details. -- treating this month  
                    as missing                                                  
[12:48:03] INFO     GDAL signalled an error: err_no=1, msg='ZIPDecode:Decoding  
                    error at scanline 10528'                                    
           INFO     GDAL signalled an error: err_no=1,                          
                    msg='TIFFReadEncodedTile() failed.'                         
           INFO     GDAL signalled an error: err_no=1,                          
                    msg='hls_soybeans_MD_2015_MAY.tif, band 1: IReadBlock failed
                    at X offset 47, Y offset 18: TIFFReadEncodedTile() failed.' 
           WARNING  Corrupted read in hls_soybeans_MD_2015_MAY.tif (MAY,        
                    state=MD year=2015 window=row4032_col10304): Read failed.   
                    See previous exception for details. -- treating this month  
                    as missing                                                  
[14:40:55] INFO     GDAL signalled an error: err_no=1, msg='ZIPDecode:Decoding  
                    error at scanline 10304'                                    
           INFO     GDAL signalled an error: err_no=1,                          
                    msg='TIFFReadEncodedTile() failed.'                         
           INFO     GDAL signalled an error: err_no=1,                          
                    msg='hls_soybeans_MD_2015_MAY.tif, band 1: IReadBlock failed
                    at X offset 46, Y offset 9: TIFFReadEncodedTile() failed.'  
           WARNING  Corrupted read in hls_soybeans_MD_2015_MAY.tif (MAY,        
                    state=MD year=2015 window=row2016_col10080): Read failed.   
                    See previous exception for details. -- treating this month  
                    as missing                                                  
[17:05:07] INFO     GDAL signalled an error: err_no=1, msg='ZIPDecode:Decoding  
                    error at scanline 10080'                                    
           INFO     GDAL signalled an error: err_no=1,                          
                    msg='TIFFReadEncodedTile() failed.'                         
           INFO     GDAL signalled an error: err_no=1,                          
                    msg='hls_soybeans_MD_2015_MAY.tif, band 1: IReadBlock failed
                    at X offset 45, Y offset 10: TIFFReadEncodedTile() failed.' 
           WARNING  Corrupted read in hls_soybeans_MD_2015_MAY.tif (MAY,        
                    state=MD year=2015 window=row2240_col9856): Read failed. See
                    previous exception for details. -- treating this month as   
                    missing                                                     
[17:11:29] INFO     GDAL signalled an error: err_no=1, msg='ZIPDecode:Decoding  
                    error at scanline 6272'                                     
           INFO     GDAL signalled an error: err_no=1,                          
                    msg='TIFFReadEncodedTile() failed.'                         
           INFO     GDAL signalled an error: err_no=1,                          
                    msg='hls_soybeans_MD_2015_MAY.tif, band 1: IReadBlock failed
                    at X offset 28, Y offset 8: TIFFReadEncodedTile() failed.'  
           WARNING  Corrupted read in hls_soybeans_MD_2015_MAY.tif (MAY,        
                    state=MD year=2015 window=row1792_col6048): Read failed. See
                    previous exception for details. -- treating this month as   
                    missing                                                     
[18:04:52] INFO     GDAL signalled an error: err_no=1, msg='ZIPDecode:Decoding  
                    error at scanline 12544'                                    
           INFO     GDAL signalled an error: err_no=1,                          
                    msg='TIFFReadEncodedTile() failed.'                         
           INFO     GDAL signalled an error: err_no=1,                          
                    msg='hls_soybeans_MD_2015_MAY.tif, band 1: IReadBlock failed
                    at X offset 56, Y offset 23: TIFFReadEncodedTile() failed.' 
           WARNING  Corrupted read in hls_soybeans_MD_2015_MAY.tif (MAY,        
                    state=MD year=2015 window=row5152_col12320): Read failed.   
                    See previous exception for details. -- treating this month  
                    as missing                                                  
[19:57:09] INFO     GDAL signalled an error: err_no=1, msg='ZIPDecode:Decoding  
                    error at scanline 10080'                                    
           INFO     GDAL signalled an error: err_no=1,                          
                    msg='TIFFReadEncodedTile() failed.'                         
           INFO     GDAL signalled an error: err_no=1,                          
                    msg='hls_soybeans_MD_2015_MAY.tif, band 1: IReadBlock failed
                    at X offset 45, Y offset 10: TIFFReadEncodedTile() failed.' 
           WARNING  Corrupted read in hls_soybeans_MD_2015_MAY.tif (MAY,        
                    state=MD year=2015 window=row2240_col9856): Read failed. See
                    previous exception for details. -- treating this month as   
                    missing                                                     
[20:16:08] INFO     GDAL signalled an error: err_no=1, msg='ZIPDecode:Decoding  
                    error at scanline 10528'                                    
           INFO     GDAL signalled an error: err_no=1,                          
                    msg='TIFFReadEncodedTile() failed.'                         
           INFO     GDAL signalled an error: err_no=1,                          
                    msg='hls_soybeans_MD_2015_MAY.tif, band 1: IReadBlock failed
                    at X offset 47, Y offset 18: TIFFReadEncodedTile() failed.' 
           WARNING  Corrupted read in hls_soybeans_MD_2015_MAY.tif (MAY,        
                    state=MD year=2015 window=row4032_col10304): Read failed.   
                    See previous exception for details. -- treating this month  
                    as missing                                                  
[20:30:44] INFO     GDAL signalled an error: err_no=1, msg='ZIPDecode:Decoding  
                    error at scanline 6272'                                     
           INFO     GDAL signalled an error: err_no=1,                          
                    msg='TIFFReadEncodedTile() failed.'                         
           INFO     GDAL signalled an error: err_no=1,                          
                    msg='hls_soybeans_MD_2015_MAY.tif, band 1: IReadBlock failed
                    at X offset 28, Y offset 8: TIFFReadEncodedTile() failed.'  
           WARNING  Corrupted read in hls_soybeans_MD_2015_MAY.tif (MAY,        
                    state=MD year=2015 window=row1792_col6048): Read failed. See
                    previous exception for details. -- treating this month as   
                    missing                                                     
[22:40:40] INFO     GDAL signalled an error: err_no=1, msg='ZIPDecode:Decoding  
                    error at scanline 10304'                                    
           INFO     GDAL signalled an error: err_no=1,                          
                    msg='TIFFReadEncodedTile() failed.'                         
           INFO     GDAL signalled an error: err_no=1,                          
                    msg='hls_soybeans_MD_2015_MAY.tif, band 1: IReadBlock failed
                    at X offset 46, Y offset 9: TIFFReadEncodedTile() failed.'  
           WARNING  Corrupted read in hls_soybeans_MD_2015_MAY.tif (MAY,        
                    state=MD year=2015 window=row2016_col10080): Read failed.   
                    See previous exception for details. -- treating this month  
                    as missing                                                  
[00:18:30] INFO     GDAL signalled an error: err_no=1, msg='ZIPDecode:Decoding  
                    error at scanline 10528'                                    
           INFO     GDAL signalled an error: err_no=1,                          
                    msg='TIFFReadEncodedTile() failed.'                         
           INFO     GDAL signalled an error: err_no=1,                          
                    msg='hls_soybeans_MD_2015_MAY.tif, band 1: IReadBlock failed
                    at X offset 47, Y offset 18: TIFFReadEncodedTile() failed.' 
           WARNING  Corrupted read in hls_soybeans_MD_2015_MAY.tif (MAY,        
                    state=MD year=2015 window=row4032_col10304): Read failed.   
                    See previous exception for details. -- treating this month  
                    as missing                                                  
[00:49:28] INFO     GDAL signalled an error: err_no=1, msg='ZIPDecode:Decoding  
                    error at scanline 10080'                                    
           INFO     GDAL signalled an error: err_no=1,                          
                    msg='TIFFReadEncodedTile() failed.'                         
           INFO     GDAL signalled an error: err_no=1,                          
                    msg='hls_soybeans_MD_2015_MAY.tif, band 1: IReadBlock failed
                    at X offset 45, Y offset 10: TIFFReadEncodedTile() failed.' 
           WARNING  Corrupted read in hls_soybeans_MD_2015_MAY.tif (MAY,        
                    state=MD year=2015 window=row2240_col9856): Read failed. See
                    previous exception for details. -- treating this month as   
                    missing                                                     
[03:56:09] INFO     GDAL signalled an error: err_no=1, msg='ZIPDecode:Decoding  
                    error at scanline 10304'                                    
           INFO     GDAL signalled an error: err_no=1,                          
                    msg='TIFFReadEncodedTile() failed.'                         
           INFO     GDAL signalled an error: err_no=1,                          
                    msg='hls_soybeans_MD_2015_MAY.tif, band 1: IReadBlock failed
                    at X offset 46, Y offset 9: TIFFReadEncodedTile() failed.'  
           WARNING  Corrupted read in hls_soybeans_MD_2015_MAY.tif (MAY,        
                    state=MD year=2015 window=row2016_col10080): Read failed.   
                    See previous exception for details. -- treating this month  
                    as missing                                                  
[04:27:40] INFO     GDAL signalled an error: err_no=1, msg='ZIPDecode:Decoding  
                    error at scanline 6272'                                     
           INFO     GDAL signalled an error: err_no=1,                          
                    msg='TIFFReadEncodedTile() failed.'                         
           INFO     GDAL signalled an error: err_no=1,                          
                    msg='hls_soybeans_MD_2015_MAY.tif, band 1: IReadBlock failed
                    at X offset 28, Y offset 8: TIFFReadEncodedTile() failed.'  
           WARNING  Corrupted read in hls_soybeans_MD_2015_MAY.tif (MAY,        
                    state=MD year=2015 window=row1792_col6048): Read failed. See
                    previous exception for details. -- treating this month as   
                    missing                                                     
[05:26:09] INFO     GDAL signalled an error: err_no=1, msg='ZIPDecode:Decoding  
                    error at scanline 12544'                                    
           INFO     GDAL signalled an error: err_no=1,                          
                    msg='TIFFReadEncodedTile() failed.'                         
           INFO     GDAL signalled an error: err_no=1,                          
                    msg='hls_soybeans_MD_2015_MAY.tif, band 1: IReadBlock failed
                    at X offset 56, Y offset 23: TIFFReadEncodedTile() failed.' 
           WARNING  Corrupted read in hls_soybeans_MD_2015_MAY.tif (MAY,        
                    state=MD year=2015 window=row5152_col12320): Read failed.   
                    See previous exception for details. -- treating this month  
                    as missing                                                  
[06:21:57] INFO     GDAL signalled an error: err_no=1, msg='ZIPDecode:Decoding  
                    error at scanline 6272'                                     
           INFO     GDAL signalled an error: err_no=1,                          
                    msg='TIFFReadEncodedTile() failed.'                         
           INFO     GDAL signalled an error: err_no=1,                          
                    msg='hls_soybeans_MD_2015_MAY.tif, band 1: IReadBlock failed
                    at X offset 28, Y offset 8: TIFFReadEncodedTile() failed.'  
           WARNING  Corrupted read in hls_soybeans_MD_2015_MAY.tif (MAY,        
                    state=MD year=2015 window=row1792_col6048): Read failed. See
                    previous exception for details. -- treating this month as   
                    missing                                                     
[06:38:36] INFO     GDAL signalled an error: err_no=1, msg='ZIPDecode:Decoding  
                    error at scanline 10528'                                    
           INFO     GDAL signalled an error: err_no=1,                          
                    msg='TIFFReadEncodedTile() failed.'                         
           INFO     GDAL signalled an error: err_no=1,                          
                    msg='hls_soybeans_MD_2015_MAY.tif, band 1: IReadBlock failed
                    at X offset 47, Y offset 18: TIFFReadEncodedTile() failed.' 
           WARNING  Corrupted read in hls_soybeans_MD_2015_MAY.tif (MAY,        
                    state=MD year=2015 window=row4032_col10304): Read failed.   
                    See previous exception for details. -- treating this month  
                    as missing                                                  
[07:16:39] INFO     GDAL signalled an error: err_no=1, msg='ZIPDecode:Decoding  
                    error at scanline 10304'                                    
           INFO     GDAL signalled an error: err_no=1,                          
                    msg='TIFFReadEncodedTile() failed.'                         
           INFO     GDAL signalled an error: err_no=1,                          
                    msg='hls_soybeans_MD_2015_MAY.tif, band 1: IReadBlock failed
                    at X offset 46, Y offset 9: TIFFReadEncodedTile() failed.'  
           WARNING  Corrupted read in hls_soybeans_MD_2015_MAY.tif (MAY,        
                    state=MD year=2015 window=row2016_col10080): Read failed.   
                    See previous exception for details. -- treating this month  
                    as missing                                                  
[08:10:06] INFO     GDAL signalled an error: err_no=1, msg='ZIPDecode:Decoding  
                    error at scanline 10080'                                    
           INFO     GDAL signalled an error: err_no=1,                          
                    msg='TIFFReadEncodedTile() failed.'                         
           INFO     GDAL signalled an error: err_no=1,                          
                    msg='hls_soybeans_MD_2015_MAY.tif, band 1: IReadBlock failed
                    at X offset 45, Y offset 10: TIFFReadEncodedTile() failed.' 
           WARNING  Corrupted read in hls_soybeans_MD_2015_MAY.tif (MAY,        
                    state=MD year=2015 window=row2240_col9856): Read failed. See
                    previous exception for details. -- treating this month as   
                    missing                                                     
[08:42:45] INFO     GDAL signalled an error: err_no=1, msg='ZIPDecode:Decoding  
                    error at scanline 12544'                                    
           INFO     GDAL signalled an error: err_no=1,                          
                    msg='TIFFReadEncodedTile() failed.'                         
           INFO     GDAL signalled an error: err_no=1,                          
                    msg='hls_soybeans_MD_2015_MAY.tif, band 1: IReadBlock failed
                    at X offset 56, Y offset 23: TIFFReadEncodedTile() failed.' 
           WARNING  Corrupted read in hls_soybeans_MD_2015_MAY.tif (MAY,        
                    state=MD year=2015 window=row5152_col12320): Read failed.   
                    See previous exception for details. -- treating this month  
                    as missing                                                  
[14:20:08] INFO     GDAL signalled an error: err_no=1, msg='ZIPDecode:Decoding  
                    error at scanline 12544'                                    
           INFO     GDAL signalled an error: err_no=1,                          
                    msg='TIFFReadEncodedTile() failed.'                         
           INFO     GDAL signalled an error: err_no=1,                          
                    msg='hls_soybeans_MD_2015_MAY.tif, band 1: IReadBlock failed
                    at X offset 56, Y offset 23: TIFFReadEncodedTile() failed.' 
           WARNING  Corrupted read in hls_soybeans_MD_2015_MAY.tif (MAY,        
                    state=MD year=2015 window=row5152_col12320): Read failed.   
                    See previous exception for details. -- treating this month  
                    as missing                                                  
[14:47:30] INFO     GDAL signalled an error: err_no=1, msg='ZIPDecode:Decoding  
                    error at scanline 10528'                                    
           INFO     GDAL signalled an error: err_no=1,                          
                    msg='TIFFReadEncodedTile() failed.'                         
           INFO     GDAL signalled an error: err_no=1,                          
                    msg='hls_soybeans_MD_2015_MAY.tif, band 1: IReadBlock failed
                    at X offset 47, Y offset 18: TIFFReadEncodedTile() failed.' 
           WARNING  Corrupted read in hls_soybeans_MD_2015_MAY.tif (MAY,        
                    state=MD year=2015 window=row4032_col10304): Read failed.   
                    See previous exception for details. -- treating this month  
                    as missing                                                  
[15:11:33] INFO     GDAL signalled an error: err_no=1, msg='ZIPDecode:Decoding  
                    error at scanline 10080'                                    
           INFO     GDAL signalled an error: err_no=1,                          
                    msg='TIFFReadEncodedTile() failed.'                         
           INFO     GDAL signalled an error: err_no=1,                          
                    msg='hls_soybeans_MD_2015_MAY.tif, band 1: IReadBlock failed
                    at X offset 45, Y offset 10: TIFFReadEncodedTile() failed.' 
           WARNING  Corrupted read in hls_soybeans_MD_2015_MAY.tif (MAY,        
                    state=MD year=2015 window=row2240_col9856): Read failed. See
                    previous exception for details. -- treating this month as   
                    missing                                                     
