warning: `VIRTUAL_ENV=/home/cholab/LabMembers/Samar/EO-based-yield-prediction/data_preparation/.venv` does not match the project environment path `.venv` and will be ignored; use `--active` to target the active environment instead
[16:24:34] INFO     Fold: test=2024 val=[2023] train=[2014, 2015, 2016, 2017,   
                    2018, 2019, 2020, 2021, 2022]                               
[16:29:30] WARNING  Excluded 82 chip(s) via data.exclude_sample_ids:            
                    soybeans_IN_2021_r2464_c3360, soybeans_IN_2021_r2464_c3584, 
                    soybeans_IN_2022_r11648_c4928,                              
                    soybeans_IN_2022_r11648_c5152, soybeans_MD_2015_r1120_c4256,
                    soybeans_MD_2015_r1120_c4480, soybeans_MD_2015_r1120_c4704, 
                    soybeans_MD_2015_r1120_c4928, soybeans_MD_2015_r1120_c5152, 
                    soybeans_MD_2015_r1120_c5824, soybeans_MD_2015_r1120_c6048, 
                    soybeans_MD_2015_r1120_c6272, soybeans_MD_2015_r1792_c6272, 
                    soybeans_MD_2015_r1792_c6496, soybeans_MD_2015_r1792_c6944, 
                    soybeans_MD_2015_r1792_c9408, soybeans_MD_2015_r1792_c9632, 
                    soybeans_MD_2015_r1792_c9856, soybeans_MD_2015_r2016_c10304,
                    soybeans_MD_2015_r2016_c10528,                              
                    soybeans_MD_2015_r2016_c10752,                              
                    soybeans_MD_2015_r2240_c10080,                              
                    soybeans_MD_2015_r2240_c10304,                              
                    soybeans_MD_2015_r2240_c10528,                              
                    soybeans_MD_2015_r2240_c10752, soybeans_MD_2015_r2240_c5376,
                    soybeans_MD_2015_r224_c9408, soybeans_MD_2015_r224_c9632,   
                    soybeans_MD_2015_r4032_c10528,                              
                    soybeans_MD_2015_r4032_c10752,                              
                    soybeans_MD_2015_r4032_c10976,                              
                    soybeans_MD_2015_r4032_c11200,                              
                    soybeans_MD_2015_r4256_c10080,                              
                    soybeans_MD_2015_r4256_c10528,                              
                    soybeans_MD_2015_r4256_c10752,                              
                    soybeans_MD_2015_r4256_c10976,                              
                    soybeans_MD_2015_r4256_c12320,                              
                    soybeans_MD_2015_r4256_c12768,                              
                    soybeans_MD_2015_r4256_c12992, soybeans_MD_2015_r4256_c8288,
                    soybeans_MD_2015_r4256_c9856, soybeans_MD_2015_r4480_c10080,
                    soybeans_MD_2015_r4480_c10304,                              
                    soybeans_MD_2015_r4480_c10528,                              
                    soybeans_MD_2015_r4480_c10752,                              
                    soybeans_MD_2015_r4480_c10976,                              
                    soybeans_MD_2015_r4480_c11200,                              
                    soybeans_MD_2015_r4480_c11424,                              
                    soybeans_MD_2015_r4480_c11648,                              
                    soybeans_MD_2015_r4480_c11872,                              
                    soybeans_MD_2015_r4480_c12096,                              
                    soybeans_MD_2015_r4480_c12320,                              
                    soybeans_MD_2015_r4480_c12544,                              
                    soybeans_MD_2015_r4480_c12768,                              
                    soybeans_MD_2015_r4704_c11424,                              
                    soybeans_MD_2015_r4704_c11648,                              
                    soybeans_MD_2015_r4704_c11872,                              
                    soybeans_MD_2015_r4704_c12096,                              
                    soybeans_MD_2015_r4704_c12320,                              
                    soybeans_MD_2015_r4704_c12544,                              
                    soybeans_MD_2015_r4704_c12768,                              
                    soybeans_MD_2015_r4704_c12992,                              
                    soybeans_MD_2015_r5152_c12544,                              
                    soybeans_MD_2015_r5152_c12768,                              
                    soybeans_MD_2015_r5376_c11424,                              
                    soybeans_MD_2015_r5376_c11648,                              
                    soybeans_MD_2015_r5376_c12544, soybeans_MD_2015_r5376_c8512,
                    soybeans_MD_2015_r672_c7840, soybeans_MD_2015_r672_c8064,   
                    soybeans_MD_2015_r672_c8736, soybeans_MD_2015_r672_c8960,   
                    soybeans_MD_2015_r896_c10080, soybeans_MD_2015_r896_c10304, 
                    soybeans_MD_2015_r896_c6048, soybeans_MD_2015_r896_c6272,   
                    soybeans_MD_2015_r896_c6496, soybeans_MD_2015_r896_c6720,   
                    soybeans_MD_2015_r896_c6944, soybeans_MD_2015_r896_c7168,   
                    soybeans_MD_2015_r896_c7392, soybeans_MD_2015_r896_c7616    
           INFO     manifest QC: 120841/235889 chips have qualifying imagery    
[16:29:32] WARNING  REUSING normalization stats from                            
                    outputs/runs/cornbelt5_soybeans_longer_time/test2024/norm_st
                    ats.json (train_years=[2014, 2015, 2016, 2017, 2018, 2019,  
                    2020, 2021, 2022], n_chips_used=2000, seed=0) -- statistics 
                    pass SKIPPED                                                
[16:29:38] INFO     Building TerraTorch backbone 'prithvi_eo_v2_600_tl'         
                    (pretrained=True)                                           
[16:29:51] INFO     HTTP Request: GET https://huggingface.co/api/agent-harnesses
                    "HTTP/1.1 200 OK"                                           
           INFO     HTTP Request: HEAD                                          
                    https://huggingface.co/ibm-nasa-geospatial/Prithvi-EO-2.0-60
                    0M-TL/resolve/main/Prithvi_EO_V2_600M_TL.pt "HTTP/1.1 302   
                    Found"                                                      
Warning: You are sending unauthenticated requests to the HF Hub. Please set a HF_TOKEN to enable higher rate limits and faster downloads.
           WARNING  Warning: You are sending unauthenticated requests to the HF 
                    Hub. Please set a HF_TOKEN to enable higher rate limits and 
                    faster downloads.                                           
[16:29:58] INFO     Loaded weights for HLSBands.BLUE in position 0 of patch     
                    embed                                                       
           INFO     Loaded weights for HLSBands.GREEN in position 1 of patch    
                    embed                                                       
           INFO     Loaded weights for HLSBands.RED in position 2 of patch embed
           INFO     Loaded weights for HLSBands.NIR_NARROW in position 3 of     
                    patch embed                                                 
           INFO     Loaded weights for HLSBands.SWIR_1 in position 4 of patch   
                    embed                                                       
           INFO     Loaded weights for HLSBands.SWIR_2 in position 5 of patch   
                    embed                                                       
INFO: Using 16bit Automatic Mixed Precision (AMP)
[16:29:59] INFO     Using 16bit Automatic Mixed Precision (AMP)                 
INFO: GPU available: True (cuda), used: True
           INFO     GPU available: True (cuda), used: True                      
INFO: TPU available: False, using: 0 TPU cores
           INFO     TPU available: False, using: 0 TPU cores                    
INFO: 💡 Tip: For seamless cloud logging and experiment tracking, try installing [litlogger](https://pypi.org/project/litlogger/) to enable LitLogger, which logs metrics and artifacts automatically to the Lightning Experiments platform.
           INFO     💡 Tip: For seamless cloud logging and experiment tracking, 
                    try installing                                              
                    [litlogger](https://pypi.org/project/litlogger/) to enable  
                    LitLogger, which logs metrics and artifacts automatically to
                    the Lightning Experiments platform.                         
INFO: `Trainer(limit_train_batches=1.0)` was configured so 100% of the batches per epoch will be used..
           INFO     `Trainer(limit_train_batches=1.0)` was configured so 100% of
                    the batches per epoch will be used..                        
INFO: `Trainer(limit_val_batches=1.0)` was configured so 100% of the batches will be used..
           INFO     `Trainer(limit_val_batches=1.0)` was configured so 100% of  
                    the batches will be used..                                  
INFO: LOCAL_RANK: 0 - CUDA_VISIBLE_DEVICES: [0]
           INFO     LOCAL_RANK: 0 - CUDA_VISIBLE_DEVICES: [0]                   
/home/cholab/LabMembers/Samar/EO-based-yield-prediction/model/.venv/lib/python3.11/site-packages/lightning/pytorch/utilities/model_summary/model_summary.py:242: Precision 16-mixed is not supported by the model summary.  Estimated model size in MB will not be accurate. Using 32 bits instead.
┏━━━┳━━━━━━━┳━━━━━━━━━━━┳━━━━━━━━┳━━━━━━━┳━━━━━━━┓
┃   ┃ Name  ┃ Type      ┃ Params ┃ Mode  ┃ FLOPs ┃
┡━━━╇━━━━━━━╇━━━━━━━━━━━╇━━━━━━━━╇━━━━━━━╇━━━━━━━┩
│ 0 │ model │ FarmModel │  775 M │ train │     0 │
└───┴───────┴───────────┴────────┴───────┴───────┘
Trainable params: 143 M                                                         
Non-trainable params: 631 M                                                     
Total params: 775 M                                                             
Total estimated model params size (MB): 3,100.618                               
Modules in train mode: 838                                                      
Modules in eval mode: 0                                                         
Total FLOPs: 0                                                                  
/home/cholab/LabMembers/Samar/EO-based-yield-prediction/model/.venv/lib/python3.11/site-packages/lightning/pytorch/utilities/_pytree.py:21: `isinstance(treespec, LeafSpec)` is deprecated, use `isinstance(treespec, TreeSpec) and treespec.is_leaf()` instead.
[16:45:24] INFO     GDAL signalled an error: err_no=1, msg='ZIPDecode:Decoding  
                    error at scanline 6272'                                     
           INFO     GDAL signalled an error: err_no=1,                          
                    msg='TIFFReadEncodedTile() failed.'                         
           INFO     GDAL signalled an error: err_no=1,                          
                    msg='hls_soybeans_MD_2015_MAY.tif, band 1: IReadBlock failed
                    at X offset 28, Y offset 8: TIFFReadEncodedTile() failed.'  
Epoch 0/29                  354/12370 0:17:13 •       1.27it/s v_num: 1         
                                      2:37:26                  train/loss: 0.951
Traceback (most recent call last):
  File "<frozen runpy>", line 198, in _run_module_as_main
  File "<frozen runpy>", line 88, in _run_code
  File "/home/cholab/LabMembers/Samar/EO-based-yield-prediction/model/src/farm_us/cli.py", line 282, in <module>
    main()
  File "/home/cholab/LabMembers/Samar/EO-based-yield-prediction/model/src/farm_us/cli.py", line 278, in main
    COMMANDS[args.command](args)
  File "/home/cholab/LabMembers/Samar/EO-based-yield-prediction/model/src/farm_us/cli.py", line 219, in cmd_train
    train_fold(_cfg(args), use_dummy="--real" not in sys.argv, resume_from=resume_from)
  File "/home/cholab/LabMembers/Samar/EO-based-yield-prediction/model/src/farm_us/training/run.py", line 211, in train_fold
    trainer.fit(lm, dm.train_dataloader(), dm.val_dataloader(), ckpt_path=resume_from) # This is the most important line in this function, it runs the training loop using the Lightning trainer, model, and data module.
    ^^^^^^^^^^^^^^^^^^^^^^^^^^^^^^^^^^^^^^^^^^^^^^^^^^^^^^^^^^^^^^^^^^^^^^^^^^^^^^^^^^
  File "/home/cholab/LabMembers/Samar/EO-based-yield-prediction/model/.venv/lib/python3.11/site-packages/lightning/pytorch/trainer/trainer.py", line 584, in fit
    call._call_and_handle_interrupt(
  File "/home/cholab/LabMembers/Samar/EO-based-yield-prediction/model/.venv/lib/python3.11/site-packages/lightning/pytorch/trainer/call.py", line 49, in _call_and_handle_interrupt
    return trainer_fn(*args, **kwargs)
           ^^^^^^^^^^^^^^^^^^^^^^^^^^^
  File "/home/cholab/LabMembers/Samar/EO-based-yield-prediction/model/.venv/lib/python3.11/site-packages/lightning/pytorch/trainer/trainer.py", line 630, in _fit_impl
    self._run(model, ckpt_path=ckpt_path, weights_only=weights_only)
  File "/home/cholab/LabMembers/Samar/EO-based-yield-prediction/model/.venv/lib/python3.11/site-packages/lightning/pytorch/trainer/trainer.py", line 1079, in _run
    results = self._run_stage()
              ^^^^^^^^^^^^^^^^^
  File "/home/cholab/LabMembers/Samar/EO-based-yield-prediction/model/.venv/lib/python3.11/site-packages/lightning/pytorch/trainer/trainer.py", line 1123, in _run_stage
    self.fit_loop.run()
  File "/home/cholab/LabMembers/Samar/EO-based-yield-prediction/model/.venv/lib/python3.11/site-packages/lightning/pytorch/loops/fit_loop.py", line 217, in run
    self.advance()
  File "/home/cholab/LabMembers/Samar/EO-based-yield-prediction/model/.venv/lib/python3.11/site-packages/lightning/pytorch/loops/fit_loop.py", line 469, in advance
    self.epoch_loop.run(self._data_fetcher)
  File "/home/cholab/LabMembers/Samar/EO-based-yield-prediction/model/.venv/lib/python3.11/site-packages/lightning/pytorch/loops/training_epoch_loop.py", line 153, in run
    self.advance(data_fetcher)
  File "/home/cholab/LabMembers/Samar/EO-based-yield-prediction/model/.venv/lib/python3.11/site-packages/lightning/pytorch/loops/training_epoch_loop.py", line 311, in advance
    batch, _, __ = next(data_fetcher)
                   ^^^^^^^^^^^^^^^^^^
  File "/home/cholab/LabMembers/Samar/EO-based-yield-prediction/model/.venv/lib/python3.11/site-packages/lightning/pytorch/loops/fetchers.py", line 134, in __next__
    batch = super().__next__()
            ^^^^^^^^^^^^^^^^^^
  File "/home/cholab/LabMembers/Samar/EO-based-yield-prediction/model/.venv/lib/python3.11/site-packages/lightning/pytorch/loops/fetchers.py", line 61, in __next__
    batch = next(self.iterator)
            ^^^^^^^^^^^^^^^^^^^
  File "/home/cholab/LabMembers/Samar/EO-based-yield-prediction/model/.venv/lib/python3.11/site-packages/lightning/pytorch/utilities/combined_loader.py", line 341, in __next__
    out = next(self._iterator)
          ^^^^^^^^^^^^^^^^^^^^
  File "/home/cholab/LabMembers/Samar/EO-based-yield-prediction/model/.venv/lib/python3.11/site-packages/lightning/pytorch/utilities/combined_loader.py", line 78, in __next__
    out[i] = next(self.iterators[i])
             ^^^^^^^^^^^^^^^^^^^^^^^
  File "/home/cholab/LabMembers/Samar/EO-based-yield-prediction/model/.venv/lib/python3.11/site-packages/torch/utils/data/dataloader.py", line 725, in __next__
    data = self._next_data()
           ^^^^^^^^^^^^^^^^^
  File "/home/cholab/LabMembers/Samar/EO-based-yield-prediction/model/.venv/lib/python3.11/site-packages/torch/utils/data/dataloader.py", line 1499, in _next_data
    return self._process_data(data, worker_id)
           ^^^^^^^^^^^^^^^^^^^^^^^^^^^^^^^^^^^
  File "/home/cholab/LabMembers/Samar/EO-based-yield-prediction/model/.venv/lib/python3.11/site-packages/torch/utils/data/dataloader.py", line 1567, in _process_data
    data.reraise()
  File "/home/cholab/LabMembers/Samar/EO-based-yield-prediction/model/.venv/lib/python3.11/site-packages/torch/_utils.py", line 794, in reraise
    raise exception
rasterio.errors.RasterioIOError: Caught RasterioIOError in DataLoader worker process 2.
Original rasterio._err.CPLE_AppDefinedError: ZIPDecode:Decoding error at scanline 6272

The above exception was the direct cause of the following exception:

rasterio._err.CPLE_AppDefinedError: TIFFReadEncodedTile() failed.

The above exception was the direct cause of the following exception:

Traceback (most recent call last):
  File "rasterio/_io.pyx", line 969, in rasterio._io.DatasetReaderBase._read
  File "rasterio/_io.pyx", line 199, in rasterio._io.io_multi_band
  File "rasterio/_io.pyx", line 205, in rasterio._io.io_multi_band
  File "rasterio/_err.pyx", line 325, in rasterio._err.StackChecker.exc_wrap_int
rasterio._err.CPLE_AppDefinedError: hls_soybeans_MD_2015_MAY.tif, band 1: IReadBlock failed at X offset 28, Y offset 8: TIFFReadEncodedTile() failed.

The above exception was the direct cause of the following exception:

Traceback (most recent call last):
  File "/home/cholab/LabMembers/Samar/EO-based-yield-prediction/model/.venv/lib/python3.11/site-packages/torch/utils/data/_utils/worker.py", line 374, in _worker_loop
    data = fetcher.fetch(index)  # type: ignore[possibly-undefined]
           ^^^^^^^^^^^^^^^^^^^^
  File "/home/cholab/LabMembers/Samar/EO-based-yield-prediction/model/.venv/lib/python3.11/site-packages/torch/utils/data/_utils/fetch.py", line 54, in fetch
    data = [self.dataset[idx] for idx in possibly_batched_index]
           ^^^^^^^^^^^^^^^^^^^^^^^^^^^^^^^^^^^^^^^^^^^^^^^^^^^^^
  File "/home/cholab/LabMembers/Samar/EO-based-yield-prediction/model/.venv/lib/python3.11/site-packages/torch/utils/data/_utils/fetch.py", line 54, in <listcomp>
    data = [self.dataset[idx] for idx in possibly_batched_index]
            ~~~~~~~~~~~~^^^^^
  File "/home/cholab/LabMembers/Samar/EO-based-yield-prediction/model/src/farm_us/data/dataset.py", line 184, in __getitem__
    chip = self.reader.read_chip(r.state, r.year, win)
           ^^^^^^^^^^^^^^^^^^^^^^^^^^^^^^^^^^^^^^^^^^^
  File "/home/cholab/LabMembers/Samar/EO-based-yield-prediction/model/src/farm_us/data/raster_readers.py", line 144, in read_chip
    arr = ds.read(window=iw, boundless=True, fill_value=nod).astype(np.float32)
          ^^^^^^^^^^^^^^^^^^^^^^^^^^^^^^^^^^^^^^^^^^^^^^^^^^
  File "rasterio/_io.pyx", line 687, in rasterio._io.DatasetReaderBase.read
  File "rasterio/_io.pyx", line 688, in rasterio._io.DatasetReaderBase.read
  File "rasterio/_io.pyx", line 972, in rasterio._io.DatasetReaderBase._read
rasterio.errors.RasterioIOError: Read failed. See previous exception for details.

