warning: `VIRTUAL_ENV=/home/cholab/LabMembers/Samar/EO-based-yield-prediction/data_preparation/.venv` does not match the project environment path `.venv` and will be ignored; use `--active` to target the active environment instead
[18:22:18] INFO     Fold: test=2024 val=[2023] train=[2014, 2015, 2016, 2017,   
                    2018, 2019, 2020, 2021, 2022]                               
[18:25:27] WARNING  Excluded 82 chip(s) via data.exclude_sample_ids:            
                    soybeans_IN_2021_r2464_c3360, soybeans_IN_2021_r2464_c3584, 
                    soybeans_IN_2022_r11648_c4928,                              
                    soybeans_IN_2022_r11648_c5152, soybeans_MD_2015_r1120_c4256,
                    soybeans_MD_2015_r1120_c4480, soybeans_MD_2015_r1120_c4704, 
                    soybeans_MD_2015_r1120_c4928, soybeans_MD_2015_r1120_c5152, 
                    soybeans_MD_2015_r1120_c5824, soybeans_MD_2015_r1120_c6048, 
                    soybeans_MD_2015_r1120_c6272, soybeans_MD_2015_r1792_c6272, 
                    soybeans_MD_2015_r1792_c6496, soybeans_MD_2015_r1792_c6944, 
                    soybeans_MD_2015_r1792_c9408, soybeans_MD_2015_r1792_c9632, 
                    soybeans_MD_2015_r1792_c9856, soybeans_MD_2015_r2016_c10304,
                    soybeans_MD_2015_r2016_c10528,                              
                    soybeans_MD_2015_r2016_c10752,                              
                    soybeans_MD_2015_r2240_c10080,                              
                    soybeans_MD_2015_r2240_c10304,                              
                    soybeans_MD_2015_r2240_c10528,                              
                    soybeans_MD_2015_r2240_c10752, soybeans_MD_2015_r2240_c5376,
                    soybeans_MD_2015_r224_c9408, soybeans_MD_2015_r224_c9632,   
                    soybeans_MD_2015_r4032_c10528,                              
                    soybeans_MD_2015_r4032_c10752,                              
                    soybeans_MD_2015_r4032_c10976,                              
                    soybeans_MD_2015_r4032_c11200,                              
                    soybeans_MD_2015_r4256_c10080,                              
                    soybeans_MD_2015_r4256_c10528,                              
                    soybeans_MD_2015_r4256_c10752,                              
                    soybeans_MD_2015_r4256_c10976,                              
                    soybeans_MD_2015_r4256_c12320,                              
                    soybeans_MD_2015_r4256_c12768,                              
                    soybeans_MD_2015_r4256_c12992, soybeans_MD_2015_r4256_c8288,
                    soybeans_MD_2015_r4256_c9856, soybeans_MD_2015_r4480_c10080,
                    soybeans_MD_2015_r4480_c10304,                              
                    soybeans_MD_2015_r4480_c10528,                              
                    soybeans_MD_2015_r4480_c10752,                              
                    soybeans_MD_2015_r4480_c10976,                              
                    soybeans_MD_2015_r4480_c11200,                              
                    soybeans_MD_2015_r4480_c11424,                              
                    soybeans_MD_2015_r4480_c11648,                              
                    soybeans_MD_2015_r4480_c11872,                              
                    soybeans_MD_2015_r4480_c12096,                              
                    soybeans_MD_2015_r4480_c12320,                              
                    soybeans_MD_2015_r4480_c12544,                              
                    soybeans_MD_2015_r4480_c12768,                              
                    soybeans_MD_2015_r4704_c11424,                              
                    soybeans_MD_2015_r4704_c11648,                              
                    soybeans_MD_2015_r4704_c11872,                              
                    soybeans_MD_2015_r4704_c12096,                              
                    soybeans_MD_2015_r4704_c12320,                              
                    soybeans_MD_2015_r4704_c12544,                              
                    soybeans_MD_2015_r4704_c12768,                              
                    soybeans_MD_2015_r4704_c12992,                              
                    soybeans_MD_2015_r5152_c12544,                              
                    soybeans_MD_2015_r5152_c12768,                              
                    soybeans_MD_2015_r5376_c11424,                              
                    soybeans_MD_2015_r5376_c11648,                              
                    soybeans_MD_2015_r5376_c12544, soybeans_MD_2015_r5376_c8512,
                    soybeans_MD_2015_r672_c7840, soybeans_MD_2015_r672_c8064,   
                    soybeans_MD_2015_r672_c8736, soybeans_MD_2015_r672_c8960,   
                    soybeans_MD_2015_r896_c10080, soybeans_MD_2015_r896_c10304, 
                    soybeans_MD_2015_r896_c6048, soybeans_MD_2015_r896_c6272,   
                    soybeans_MD_2015_r896_c6496, soybeans_MD_2015_r896_c6720,   
                    soybeans_MD_2015_r896_c6944, soybeans_MD_2015_r896_c7168,   
                    soybeans_MD_2015_r896_c7392, soybeans_MD_2015_r896_c7616    
           INFO     manifest QC: 121190/238997 chips have qualifying imagery    
[18:25:28] INFO     Stats pass: subsampling 2000/99123 train chips (seed=0)     
[18:28:27] INFO     Stats pass: 50/2000 chips (2%)                              
[18:31:36] INFO     Stats pass: 100/2000 chips (5%)                             
[18:33:57] INFO     Stats pass: 150/2000 chips (8%)                             
[18:36:31] INFO     Stats pass: 200/2000 chips (10%)                            
[18:38:22] INFO     Stats pass: 250/2000 chips (12%)                            
[18:39:55] INFO     Stats pass: 300/2000 chips (15%)                            
[18:41:51] INFO     Stats pass: 350/2000 chips (18%)                            
[18:43:49] INFO     Stats pass: 400/2000 chips (20%)                            
[18:45:27] INFO     Stats pass: 450/2000 chips (22%)                            
[18:46:49] INFO     Stats pass: 500/2000 chips (25%)                            
[18:48:19] INFO     Stats pass: 550/2000 chips (28%)                            
[18:51:16] INFO     Stats pass: 600/2000 chips (30%)                            
[18:54:13] INFO     Stats pass: 650/2000 chips (32%)                            
[18:55:52] INFO     Stats pass: 700/2000 chips (35%)                            
[18:58:07] INFO     Stats pass: 750/2000 chips (38%)                            
[19:00:42] INFO     Stats pass: 800/2000 chips (40%)                            
[19:02:50] INFO     Stats pass: 850/2000 chips (42%)                            
[19:04:28] INFO     Stats pass: 900/2000 chips (45%)                            
[19:06:31] INFO     Stats pass: 950/2000 chips (48%)                            
[19:08:50] INFO     Stats pass: 1000/2000 chips (50%)                           
[19:11:23] INFO     Stats pass: 1050/2000 chips (52%)                           
[19:13:20] INFO     Stats pass: 1100/2000 chips (55%)                           
[19:15:45] INFO     Stats pass: 1150/2000 chips (58%)                           
[19:18:05] INFO     Stats pass: 1200/2000 chips (60%)                           
[19:20:28] INFO     Stats pass: 1250/2000 chips (62%)                           
[19:22:00] INFO     Stats pass: 1300/2000 chips (65%)                           
[19:23:07] INFO     Stats pass: 1350/2000 chips (68%)                           
[19:24:02] INFO     Stats pass: 1400/2000 chips (70%)                           
[19:25:26] INFO     Stats pass: 1450/2000 chips (72%)                           
[19:26:45] INFO     Stats pass: 1500/2000 chips (75%)                           
[19:29:06] INFO     Stats pass: 1550/2000 chips (78%)                           
[19:31:20] INFO     Stats pass: 1600/2000 chips (80%)                           
[19:33:32] INFO     Stats pass: 1650/2000 chips (82%)                           
[19:35:48] INFO     Stats pass: 1700/2000 chips (85%)                           
[19:37:50] INFO     Stats pass: 1750/2000 chips (88%)                           
[19:39:46] INFO     Stats pass: 1800/2000 chips (90%)                           
[19:41:29] INFO     Stats pass: 1850/2000 chips (92%)                           
[19:42:46] INFO     Stats pass: 1900/2000 chips (95%)                           
[19:44:35] INFO     Stats pass: 1950/2000 chips (98%)                           
[19:46:37] INFO     Stats pass: 2000/2000 chips (100%)                          
[19:46:41] INFO     Building TerraTorch backbone 'prithvi_eo_v2_600_tl'         
                    (pretrained=True)                                           
[19:46:47] INFO     HTTP Request: GET https://huggingface.co/api/agent-harnesses
                    "HTTP/1.1 200 OK"                                           
[19:46:48] INFO     HTTP Request: HEAD                                          
                    https://huggingface.co/ibm-nasa-geospatial/Prithvi-EO-2.0-60
                    0M-TL/resolve/main/Prithvi_EO_V2_600M_TL.pt "HTTP/1.1 302   
                    Found"                                                      
Warning: You are sending unauthenticated requests to the HF Hub. Please set a HF_TOKEN to enable higher rate limits and faster downloads.
           WARNING  Warning: You are sending unauthenticated requests to the HF 
                    Hub. Please set a HF_TOKEN to enable higher rate limits and 
                    faster downloads.                                           
[19:46:52] INFO     Loaded weights for HLSBands.BLUE in position 0 of patch     
                    embed                                                       
           INFO     Loaded weights for HLSBands.GREEN in position 1 of patch    
                    embed                                                       
           INFO     Loaded weights for HLSBands.RED in position 2 of patch embed
           INFO     Loaded weights for HLSBands.NIR_NARROW in position 3 of     
                    patch embed                                                 
           INFO     Loaded weights for HLSBands.SWIR_1 in position 4 of patch   
                    embed                                                       
           INFO     Loaded weights for HLSBands.SWIR_2 in position 5 of patch   
                    embed                                                       
INFO: Using 16bit Automatic Mixed Precision (AMP)
[19:46:53] INFO     Using 16bit Automatic Mixed Precision (AMP)                 
INFO: GPU available: True (cuda), used: True
           INFO     GPU available: True (cuda), used: True                      
INFO: TPU available: False, using: 0 TPU cores
           INFO     TPU available: False, using: 0 TPU cores                    
INFO: 💡 Tip: For seamless cloud logging and experiment tracking, try installing [litlogger](https://pypi.org/project/litlogger/) to enable LitLogger, which logs metrics and artifacts automatically to the Lightning Experiments platform.
           INFO     💡 Tip: For seamless cloud logging and experiment tracking, 
                    try installing                                              
                    [litlogger](https://pypi.org/project/litlogger/) to enable  
                    LitLogger, which logs metrics and artifacts automatically to
                    the Lightning Experiments platform.                         
INFO: `Trainer(limit_train_batches=1.0)` was configured so 100% of the batches per epoch will be used..
           INFO     `Trainer(limit_train_batches=1.0)` was configured so 100% of
                    the batches per epoch will be used..                        
INFO: `Trainer(limit_val_batches=1.0)` was configured so 100% of the batches will be used..
           INFO     `Trainer(limit_val_batches=1.0)` was configured so 100% of  
                    the batches will be used..                                  
INFO: LOCAL_RANK: 0 - CUDA_VISIBLE_DEVICES: [0]
           INFO     LOCAL_RANK: 0 - CUDA_VISIBLE_DEVICES: [0]                   
/home/cholab/LabMembers/Samar/EO-based-yield-prediction/model/.venv/lib/python3.11/site-packages/lightning/pytorch/utilities/model_summary/model_summary.py:242: Precision 16-mixed is not supported by the model summary.  Estimated model size in MB will not be accurate. Using 32 bits instead.
┏━━━┳━━━━━━━┳━━━━━━━━━━━┳━━━━━━━━┳━━━━━━━┳━━━━━━━┓
┃   ┃ Name  ┃ Type      ┃ Params ┃ Mode  ┃ FLOPs ┃
┡━━━╇━━━━━━━╇━━━━━━━━━━━╇━━━━━━━━╇━━━━━━━╇━━━━━━━┩
│ 0 │ model │ FarmModel │  775 M │ train │     0 │
└───┴───────┴───────────┴────────┴───────┴───────┘
Trainable params: 143 M                                                         
Non-trainable params: 631 M                                                     
Total params: 775 M                                                             
Total estimated model params size (MB): 3,100.618                               
Modules in train mode: 838                                                      
Modules in eval mode: 0                                                         
Total FLOPs: 0                                                                  
/home/cholab/LabMembers/Samar/EO-based-yield-prediction/model/.venv/lib/python3.11/site-packages/lightning/pytorch/utilities/_pytree.py:21: `isinstance(treespec, LeafSpec)` is deprecated, use `isinstance(treespec, TreeSpec) and treespec.is_leaf()` instead.
[19:50:11] INFO     GDAL signalled an error: err_no=1, msg='ZIPDecode:Decoding  
                    error at scanline 10080'                                    
           INFO     GDAL signalled an error: err_no=1,                          
                    msg='TIFFReadEncodedTile() failed.'                         
           INFO     GDAL signalled an error: err_no=1,                          
                    msg='hls_soybeans_MD_2015_MAY.tif, band 1: IReadBlock failed
                    at X offset 45, Y offset 10: TIFFReadEncodedTile() failed.' 
           WARNING  Corrupted read in hls_soybeans_MD_2015_MAY.tif (MAY,        
                    state=MD year=2015 window=row2240_col9856): Read failed. See
                    previous exception for details. -- treating this month as   
                    missing                                                     
[19:53:22] INFO     GDAL signalled an error: err_no=1, msg='ZIPDecode:Decoding  
                    error at scanline 10528'                                    
           INFO     GDAL signalled an error: err_no=1,                          
                    msg='TIFFReadEncodedTile() failed.'                         
           INFO     GDAL signalled an error: err_no=1,                          
                    msg='hls_soybeans_MD_2015_MAY.tif, band 1: IReadBlock failed
                    at X offset 47, Y offset 18: TIFFReadEncodedTile() failed.' 
           WARNING  Corrupted read in hls_soybeans_MD_2015_MAY.tif (MAY,        
                    state=MD year=2015 window=row4032_col10304): Read failed.   
                    See previous exception for details. -- treating this month  
                    as missing                                                  
[20:09:09] INFO     GDAL signalled an error: err_no=1, msg='ZIPDecode:Decoding  
                    error at scanline 12544'                                    
           INFO     GDAL signalled an error: err_no=1,                          
                    msg='TIFFReadEncodedTile() failed.'                         
           INFO     GDAL signalled an error: err_no=1,                          
                    msg='hls_soybeans_MD_2015_MAY.tif, band 1: IReadBlock failed
                    at X offset 56, Y offset 23: TIFFReadEncodedTile() failed.' 
           WARNING  Corrupted read in hls_soybeans_MD_2015_MAY.tif (MAY,        
                    state=MD year=2015 window=row5152_col12320): Read failed.   
                    See previous exception for details. -- treating this month  
                    as missing                                                  
[21:15:01] INFO     GDAL signalled an error: err_no=1, msg='ZIPDecode:Decoding  
                    error at scanline 6272'                                     
           INFO     GDAL signalled an error: err_no=1,                          
                    msg='TIFFReadEncodedTile() failed.'                         
           INFO     GDAL signalled an error: err_no=1,                          
                    msg='hls_soybeans_MD_2015_MAY.tif, band 1: IReadBlock failed
                    at X offset 28, Y offset 8: TIFFReadEncodedTile() failed.'  
           WARNING  Corrupted read in hls_soybeans_MD_2015_MAY.tif (MAY,        
                    state=MD year=2015 window=row1792_col6048): Read failed. See
                    previous exception for details. -- treating this month as   
                    missing                                                     
[23:52:29] INFO     GDAL signalled an error: err_no=1, msg='ZIPDecode:Decoding  
                    error at scanline 10304'                                    
           INFO     GDAL signalled an error: err_no=1,                          
                    msg='TIFFReadEncodedTile() failed.'                         
           INFO     GDAL signalled an error: err_no=1,                          
                    msg='hls_soybeans_MD_2015_MAY.tif, band 1: IReadBlock failed
                    at X offset 46, Y offset 9: TIFFReadEncodedTile() failed.'  
           WARNING  Corrupted read in hls_soybeans_MD_2015_MAY.tif (MAY,        
                    state=MD year=2015 window=row2016_col10080): Read failed.   
                    See previous exception for details. -- treating this month  
                    as missing                                                  
[02:24:22] INFO     GDAL signalled an error: err_no=1, msg='ZIPDecode:Decoding  
                    error at scanline 6272'                                     
           INFO     GDAL signalled an error: err_no=1,                          
                    msg='TIFFReadEncodedTile() failed.'                         
           INFO     GDAL signalled an error: err_no=1,                          
                    msg='hls_soybeans_MD_2015_MAY.tif, band 1: IReadBlock failed
                    at X offset 28, Y offset 8: TIFFReadEncodedTile() failed.'  
           WARNING  Corrupted read in hls_soybeans_MD_2015_MAY.tif (MAY,        
                    state=MD year=2015 window=row1792_col6048): Read failed. See
                    previous exception for details. -- treating this month as   
                    missing                                                     
[02:33:41] INFO     GDAL signalled an error: err_no=1, msg='ZIPDecode:Decoding  
                    error at scanline 10528'                                    
           INFO     GDAL signalled an error: err_no=1,                          
                    msg='TIFFReadEncodedTile() failed.'                         
           INFO     GDAL signalled an error: err_no=1,                          
                    msg='hls_soybeans_MD_2015_MAY.tif, band 1: IReadBlock failed
                    at X offset 47, Y offset 18: TIFFReadEncodedTile() failed.' 
           WARNING  Corrupted read in hls_soybeans_MD_2015_MAY.tif (MAY,        
                    state=MD year=2015 window=row4032_col10304): Read failed.   
                    See previous exception for details. -- treating this month  
                    as missing                                                  
[04:26:37] INFO     GDAL signalled an error: err_no=1, msg='ZIPDecode:Decoding  
                    error at scanline 12544'                                    
           INFO     GDAL signalled an error: err_no=1,                          
                    msg='TIFFReadEncodedTile() failed.'                         
           INFO     GDAL signalled an error: err_no=1,                          
                    msg='hls_soybeans_MD_2015_MAY.tif, band 1: IReadBlock failed
                    at X offset 56, Y offset 23: TIFFReadEncodedTile() failed.' 
           WARNING  Corrupted read in hls_soybeans_MD_2015_MAY.tif (MAY,        
                    state=MD year=2015 window=row5152_col12320): Read failed.   
                    See previous exception for details. -- treating this month  
                    as missing                                                  
[05:08:15] INFO     GDAL signalled an error: err_no=1, msg='ZIPDecode:Decoding  
                    error at scanline 10080'                                    
           INFO     GDAL signalled an error: err_no=1,                          
                    msg='TIFFReadEncodedTile() failed.'                         
           INFO     GDAL signalled an error: err_no=1,                          
                    msg='hls_soybeans_MD_2015_MAY.tif, band 1: IReadBlock failed
                    at X offset 45, Y offset 10: TIFFReadEncodedTile() failed.' 
           WARNING  Corrupted read in hls_soybeans_MD_2015_MAY.tif (MAY,        
                    state=MD year=2015 window=row2240_col9856): Read failed. See
                    previous exception for details. -- treating this month as   
                    missing                                                     
[06:17:05] INFO     GDAL signalled an error: err_no=1, msg='ZIPDecode:Decoding  
                    error at scanline 10304'                                    
           INFO     GDAL signalled an error: err_no=1,                          
                    msg='TIFFReadEncodedTile() failed.'                         
           INFO     GDAL signalled an error: err_no=1,                          
                    msg='hls_soybeans_MD_2015_MAY.tif, band 1: IReadBlock failed
                    at X offset 46, Y offset 9: TIFFReadEncodedTile() failed.'  
           WARNING  Corrupted read in hls_soybeans_MD_2015_MAY.tif (MAY,        
                    state=MD year=2015 window=row2016_col10080): Read failed.   
                    See previous exception for details. -- treating this month  
                    as missing                                                  
