warning: `VIRTUAL_ENV=/home/cholab/LabMembers/Samar/EO-based-yield-prediction/data_preparation/.venv` does not match the project environment path `.venv` and will be ignored; use `--active` to target the active environment instead
Traceback (most recent call last):
  File "/home/cholab/LabMembers/Samar/EO-based-yield-prediction/model/scripts/find_extreme_predictions.py", line 137, in <module>
    main(sys.argv[1:])
  File "/home/cholab/LabMembers/Samar/EO-based-yield-prediction/model/scripts/find_extreme_predictions.py", line 37, in main
    cfg = load_config(config, _expand_overrides(rest))
          ^^^^^^^^^^^^^^^^^^^^^^^^^^^^^^^^^^^^^^^^^^^^
  File "/home/cholab/LabMembers/Samar/EO-based-yield-prediction/model/src/farm_us/config.py", line 238, in load_config
    base = OmegaConf.merge(base, OmegaConf.from_dotlist(list(overrides)))
           ^^^^^^^^^^^^^^^^^^^^^^^^^^^^^^^^^^^^^^^^^^^^^^^^^^^^^^^^^^^^^^
  File "/home/cholab/LabMembers/Samar/EO-based-yield-prediction/model/.venv/lib/python3.11/site-packages/omegaconf/omegaconf.py", line 273, in merge
    target.merge_with(*configs[1:])
  File "/home/cholab/LabMembers/Samar/EO-based-yield-prediction/model/.venv/lib/python3.11/site-packages/omegaconf/basecontainer.py", line 492, in merge_with
    self._format_and_raise(key=None, value=None, cause=e)
  File "/home/cholab/LabMembers/Samar/EO-based-yield-prediction/model/.venv/lib/python3.11/site-packages/omegaconf/base.py", line 231, in _format_and_raise
    format_and_raise(
  File "/home/cholab/LabMembers/Samar/EO-based-yield-prediction/model/.venv/lib/python3.11/site-packages/omegaconf/_utils.py", line 819, in format_and_raise
    _raise(ex, cause)
  File "/home/cholab/LabMembers/Samar/EO-based-yield-prediction/model/.venv/lib/python3.11/site-packages/omegaconf/_utils.py", line 797, in _raise
    raise ex.with_traceback(sys.exc_info()[2])  # set env var OC_CAUSE=1 for full trace
    ^^^^^^^^^^^^^^^^^^^^^^^^^^^^^^^^^^^^^^^^^^
  File "/home/cholab/LabMembers/Samar/EO-based-yield-prediction/model/.venv/lib/python3.11/site-packages/omegaconf/basecontainer.py", line 490, in merge_with
    self._merge_with(*others)
  File "/home/cholab/LabMembers/Samar/EO-based-yield-prediction/model/.venv/lib/python3.11/site-packages/omegaconf/basecontainer.py", line 514, in _merge_with
    BaseContainer._map_merge(self, other)
  File "/home/cholab/LabMembers/Samar/EO-based-yield-prediction/model/.venv/lib/python3.11/site-packages/omegaconf/basecontainer.py", line 432, in _map_merge
    dest[key] = src._get_node(key)
    ~~~~^^^^^
  File "/home/cholab/LabMembers/Samar/EO-based-yield-prediction/model/.venv/lib/python3.11/site-packages/omegaconf/dictconfig.py", line 310, in __setitem__
    self._format_and_raise(
  File "/home/cholab/LabMembers/Samar/EO-based-yield-prediction/model/.venv/lib/python3.11/site-packages/omegaconf/base.py", line 231, in _format_and_raise
    format_and_raise(
  File "/home/cholab/LabMembers/Samar/EO-based-yield-prediction/model/.venv/lib/python3.11/site-packages/omegaconf/_utils.py", line 819, in format_and_raise
    _raise(ex, cause)
  File "/home/cholab/LabMembers/Samar/EO-based-yield-prediction/model/.venv/lib/python3.11/site-packages/omegaconf/_utils.py", line 797, in _raise
    raise ex.with_traceback(sys.exc_info()[2])  # set env var OC_CAUSE=1 for full trace
    ^^^^^^^^^^^^^^^^^^^^^^^^^^^^^^^^^^^^^^^^^^
  File "/home/cholab/LabMembers/Samar/EO-based-yield-prediction/model/.venv/lib/python3.11/site-packages/omegaconf/dictconfig.py", line 308, in __setitem__
    self.__set_impl(key=key, value=value)
  File "/home/cholab/LabMembers/Samar/EO-based-yield-prediction/model/.venv/lib/python3.11/site-packages/omegaconf/dictconfig.py", line 318, in __set_impl
    self._set_item_impl(key, value)
  File "/home/cholab/LabMembers/Samar/EO-based-yield-prediction/model/.venv/lib/python3.11/site-packages/omegaconf/basecontainer.py", line 545, in _set_item_impl
    self._validate_set(key, value)
  File "/home/cholab/LabMembers/Samar/EO-based-yield-prediction/model/.venv/lib/python3.11/site-packages/omegaconf/dictconfig.py", line 180, in _validate_set
    target = self._get_node(key) if key is not None else self
             ^^^^^^^^^^^^^^^^^^^
  File "/home/cholab/LabMembers/Samar/EO-based-yield-prediction/model/.venv/lib/python3.11/site-packages/omegaconf/dictconfig.py", line 475, in _get_node
    self._validate_get(key)
  File "/home/cholab/LabMembers/Samar/EO-based-yield-prediction/model/.venv/lib/python3.11/site-packages/omegaconf/dictconfig.py", line 164, in _validate_get
    self._format_and_raise(
  File "/home/cholab/LabMembers/Samar/EO-based-yield-prediction/model/.venv/lib/python3.11/site-packages/omegaconf/base.py", line 231, in _format_and_raise
    format_and_raise(
  File "/home/cholab/LabMembers/Samar/EO-based-yield-prediction/model/.venv/lib/python3.11/site-packages/omegaconf/_utils.py", line 899, in format_and_raise
    _raise(ex, cause)
  File "/home/cholab/LabMembers/Samar/EO-based-yield-prediction/model/.venv/lib/python3.11/site-packages/omegaconf/_utils.py", line 797, in _raise
    raise ex.with_traceback(sys.exc_info()[2])  # set env var OC_CAUSE=1 for full trace
    ^^^^^^^^^^^^^^^^^^^^^^^^^^^^^^^^^^^^^^^^^^
omegaconf.errors.ConfigKeyError: Key 'min_valid' not in 'FarmConfig'
    full_key: min_valid
    object_type=FarmConfig
